Archive member included to satisfy reference by file (symbol)

/Users/johannes/Library/Application Support/Code/User/globalStorage/bmd.stm32-for-vscode/@xpack-dev-tools/arm-none-eabi-gcc/11.2.1-1.2.2/.content/bin/../lib/gcc/arm-none-eabi/11.2.1/../../../../arm-none-eabi/lib/thumb/v7e-m+fp/hard/libc_nano.a(lib_a-atexit.o)
                              /Users/johannes/Library/Application Support/Code/User/globalStorage/bmd.stm32-for-vscode/@xpack-dev-tools/arm-none-eabi-gcc/11.2.1-1.2.2/.content/bin/../lib/gcc/arm-none-eabi/11.2.1/../../../../arm-none-eabi/lib/thumb/v7e-m+fp/hard/crt0.o (atexit)
/Users/johannes/Library/Application Support/Code/User/globalStorage/bmd.stm32-for-vscode/@xpack-dev-tools/arm-none-eabi-gcc/11.2.1-1.2.2/.content/bin/../lib/gcc/arm-none-eabi/11.2.1/../../../../arm-none-eabi/lib/thumb/v7e-m+fp/hard/libc_nano.a(lib_a-atoi.o)
                              build/console.o (atoi)
/Users/johannes/Library/Application Support/Code/User/globalStorage/bmd.stm32-for-vscode/@xpack-dev-tools/arm-none-eabi-gcc/11.2.1-1.2.2/.content/bin/../lib/gcc/arm-none-eabi/11.2.1/../../../../arm-none-eabi/lib/thumb/v7e-m+fp/hard/libc_nano.a(lib_a-exit.o)
                              /Users/johannes/Library/Application Support/Code/User/globalStorage/bmd.stm32-for-vscode/@xpack-dev-tools/arm-none-eabi-gcc/11.2.1-1.2.2/.content/bin/../lib/gcc/arm-none-eabi/11.2.1/../../../../arm-none-eabi/lib/thumb/v7e-m+fp/hard/crt0.o (exit)
/Users/johannes/Library/Application Support/Code/User/globalStorage/bmd.stm32-for-vscode/@xpack-dev-tools/arm-none-eabi-gcc/11.2.1-1.2.2/.content/bin/../lib/gcc/arm-none-eabi/11.2.1/../../../../arm-none-eabi/lib/thumb/v7e-m+fp/hard/libc_nano.a(lib_a-fini.o)
                              /Users/johannes/Library/Application Support/Code/User/globalStorage/bmd.stm32-for-vscode/@xpack-dev-tools/arm-none-eabi-gcc/11.2.1-1.2.2/.content/bin/../lib/gcc/arm-none-eabi/11.2.1/../../../../arm-none-eabi/lib/thumb/v7e-m+fp/hard/crt0.o (__libc_fini_array)
/Users/johannes/Library/Application Support/Code/User/globalStorage/bmd.stm32-for-vscode/@xpack-dev-tools/arm-none-eabi-gcc/11.2.1-1.2.2/.content/bin/../lib/gcc/arm-none-eabi/11.2.1/../../../../arm-none-eabi/lib/thumb/v7e-m+fp/hard/libc_nano.a(lib_a-impure.o)
                              /Users/johannes/Library/Application Support/Code/User/globalStorage/bmd.stm32-for-vscode/@xpack-dev-tools/arm-none-eabi-gcc/11.2.1-1.2.2/.content/bin/../lib/gcc/arm-none-eabi/11.2.1/../../../../arm-none-eabi/lib/thumb/v7e-m+fp/hard/libc_nano.a(lib_a-exit.o) (_global_impure_ptr)
/Users/johannes/Library/Application Support/Code/User/globalStorage/bmd.stm32-for-vscode/@xpack-dev-tools/arm-none-eabi-gcc/11.2.1-1.2.2/.content/bin/../lib/gcc/arm-none-eabi/11.2.1/../../../../arm-none-eabi/lib/thumb/v7e-m+fp/hard/libc_nano.a(lib_a-init.o)
                              /Users/johannes/Library/Application Support/Code/User/globalStorage/bmd.stm32-for-vscode/@xpack-dev-tools/arm-none-eabi-gcc/11.2.1-1.2.2/.content/bin/../lib/gcc/arm-none-eabi/11.2.1/../../../../arm-none-eabi/lib/thumb/v7e-m+fp/hard/crt0.o (__libc_init_array)
/Users/johannes/Library/Application Support/Code/User/globalStorage/bmd.stm32-for-vscode/@xpack-dev-tools/arm-none-eabi-gcc/11.2.1-1.2.2/.content/bin/../lib/gcc/arm-none-eabi/11.2.1/../../../../arm-none-eabi/lib/thumb/v7e-m+fp/hard/libc_nano.a(lib_a-memcpy-stub.o)
                              build/SEGGER_RTT.o (memcpy)
/Users/johannes/Library/Application Support/Code/User/globalStorage/bmd.stm32-for-vscode/@xpack-dev-tools/arm-none-eabi-gcc/11.2.1-1.2.2/.content/bin/../lib/gcc/arm-none-eabi/11.2.1/../../../../arm-none-eabi/lib/thumb/v7e-m+fp/hard/libc_nano.a(lib_a-memset.o)
                              /Users/johannes/Library/Application Support/Code/User/globalStorage/bmd.stm32-for-vscode/@xpack-dev-tools/arm-none-eabi-gcc/11.2.1-1.2.2/.content/bin/../lib/gcc/arm-none-eabi/11.2.1/../../../../arm-none-eabi/lib/thumb/v7e-m+fp/hard/crt0.o (memset)
/Users/johannes/Library/Application Support/Code/User/globalStorage/bmd.stm32-for-vscode/@xpack-dev-tools/arm-none-eabi-gcc/11.2.1-1.2.2/.content/bin/../lib/gcc/arm-none-eabi/11.2.1/../../../../arm-none-eabi/lib/thumb/v7e-m+fp/hard/libc_nano.a(lib_a-strlen.o)
                              build/SEGGER_RTT.o (strlen)
/Users/johannes/Library/Application Support/Code/User/globalStorage/bmd.stm32-for-vscode/@xpack-dev-tools/arm-none-eabi-gcc/11.2.1-1.2.2/.content/bin/../lib/gcc/arm-none-eabi/11.2.1/../../../../arm-none-eabi/lib/thumb/v7e-m+fp/hard/libc_nano.a(lib_a-strtol.o)
                              /Users/johannes/Library/Application Support/Code/User/globalStorage/bmd.stm32-for-vscode/@xpack-dev-tools/arm-none-eabi-gcc/11.2.1-1.2.2/.content/bin/../lib/gcc/arm-none-eabi/11.2.1/../../../../arm-none-eabi/lib/thumb/v7e-m+fp/hard/libc_nano.a(lib_a-atoi.o) (_strtol_r)
[...]
Memory Configuration

Name             Origin             Length             Attributes
RAM              0x0000000020000000 0x0000000000020000 xrw
CCMRAM           0x0000000010000000 0x0000000000010000 xrw
FLASH            0x0000000008000000 0x0000000000100000 xr
*default*        0x0000000000000000 0xffffffffffffffff

Linker script and memory map

LOAD /Users/johannes/Library/Application Support/Code/User/globalStorage/bmd.stm32-for-vscode/@xpack-dev-tools/arm-none-eabi-gcc/11.2.1-1.2.2/.content/bin/../lib/gcc/arm-none-eabi/11.2.1/thumb/v7e-m+fp/hard/crti.o
LOAD /Users/johannes/Library/Application Support/Code/User/globalStorage/bmd.stm32-for-vscode/@xpack-dev-tools/arm-none-eabi-gcc/11.2.1-1.2.2/.content/bin/../lib/gcc/arm-none-eabi/11.2.1/thumb/v7e-m+fp/hard/crtbegin.o
LOAD /Users/johannes/Library/Application Support/Code/User/globalStorage/bmd.stm32-for-vscode/@xpack-dev-tools/arm-none-eabi-gcc/11.2.1-1.2.2/.content/bin/../lib/gcc/arm-none-eabi/11.2.1/../../../../arm-none-eabi/lib/thumb/v7e-m+fp/hard/crt0.o
LOAD build/SEGGER_RTT.o
LOAD build/SEGGER_RTT_printf.o
LOAD build/console.o
LOAD build/consoleCommands.o
LOAD build/consoleIo.o
LOAD build/main.o
LOAD build/stm32f4xx_hal_msp.o
LOAD build/stm32f4xx_it.o
LOAD build/system_stm32f4xx.o
LOAD build/stm32f4xx_hal.o
LOAD build/stm32f4xx_hal_cortex.o
LOAD build/stm32f4xx_hal_dma.o
LOAD build/stm32f4xx_hal_dma_ex.o
LOAD build/stm32f4xx_hal_exti.o
LOAD build/stm32f4xx_hal_flash.o
LOAD build/stm32f4xx_hal_flash_ex.o
LOAD build/stm32f4xx_hal_flash_ramfunc.o
LOAD build/stm32f4xx_hal_gpio.o
LOAD build/stm32f4xx_hal_pwr.o
LOAD build/stm32f4xx_hal_pwr_ex.o
LOAD build/stm32f4xx_hal_rcc.o
LOAD build/stm32f4xx_hal_rcc_ex.o
LOAD build/stm32f4xx_hal_tim.o
LOAD build/stm32f4xx_hal_tim_ex.o
LOAD build/startup_stm32f407xx.o
LOAD /Users/johannes/Library/Application Support/Code/User/globalStorage/bmd.stm32-for-vscode/@xpack-dev-tools/arm-none-eabi-gcc/11.2.1-1.2.2/.content/bin/../lib/gcc/arm-none-eabi/11.2.1/../../../../arm-none-eabi/lib/thumb/v7e-m+fp/hard/libc_nano.a
LOAD /Users/johannes/Library/Application Support/Code/User/globalStorage/bmd.stm32-for-vscode/@xpack-dev-tools/arm-none-eabi-gcc/11.2.1-1.2.2/.content/bin/../lib/gcc/arm-none-eabi/11.2.1/../../../../arm-none-eabi/lib/thumb/v7e-m+fp/hard/libm.a
LOAD /Users/johannes/Library/Application Support/Code/User/globalStorage/bmd.stm32-for-vscode/@xpack-dev-tools/arm-none-eabi-gcc/11.2.1-1.2.2/.content/bin/../lib/gcc/arm-none-eabi/11.2.1/../../../../arm-none-eabi/lib/thumb/v7e-m+fp/hard/libnosys.a
START GROUP
LOAD /Users/johannes/Library/Application Support/Code/User/globalStorage/bmd.stm32-for-vscode/@xpack-dev-tools/arm-none-eabi-gcc/11.2.1-1.2.2/.content/bin/../lib/gcc/arm-none-eabi/11.2.1/thumb/v7e-m+fp/hard/libgcc.a
LOAD /Users/johannes/Library/Application Support/Code/User/globalStorage/bmd.stm32-for-vscode/@xpack-dev-tools/arm-none-eabi-gcc/11.2.1-1.2.2/.content/bin/../lib/gcc/arm-none-eabi/11.2.1/../../../../arm-none-eabi/lib/thumb/v7e-m+fp/hard/libc_nano.a
END GROUP
START GROUP
LOAD /Users/johannes/Library/Application Support/Code/User/globalStorage/bmd.stm32-for-vscode/@xpack-dev-tools/arm-none-eabi-gcc/11.2.1-1.2.2/.content/bin/../lib/gcc/arm-none-eabi/11.2.1/thumb/v7e-m+fp/hard/libgcc.a
LOAD /Users/johannes/Library/Application Support/Code/User/globalStorage/bmd.stm32-for-vscode/@xpack-dev-tools/arm-none-eabi-gcc/11.2.1-1.2.2/.content/bin/../lib/gcc/arm-none-eabi/11.2.1/../../../../arm-none-eabi/lib/thumb/v7e-m+fp/hard/libc_nano.a
END GROUP
LOAD /Users/johannes/Library/Application Support/Code/User/globalStorage/bmd.stm32-for-vscode/@xpack-dev-tools/arm-none-eabi-gcc/11.2.1-1.2.2/.content/bin/../lib/gcc/arm-none-eabi/11.2.1/thumb/v7e-m+fp/hard/crtend.o
LOAD /Users/johannes/Library/Application Support/Code/User/globalStorage/bmd.stm32-for-vscode/@xpack-dev-tools/arm-none-eabi-gcc/11.2.1-1.2.2/.content/bin/../lib/gcc/arm-none-eabi/11.2.1/thumb/v7e-m+fp/hard/crtn.o
                0x0000000020020000                _estack = (ORIGIN (RAM) + LENGTH (RAM))
                0x0000000000000200                _Min_Heap_Size = 0x200
                0x0000000000000400                _Min_Stack_Size = 0x400

.isr_vector     0x0000000008000000      0x188
                0x0000000008000000                . = ALIGN (0x4)
 *(.isr_vector)
 .isr_vector    0x0000000008000000      0x188 build/startup_stm32f407xx.o
                0x0000000008000000                g_pfnVectors
                0x0000000008000188                . = ALIGN (0x4)

.text           0x0000000008000188     0x1e90
                0x0000000008000188                . = ALIGN (0x4)
 *(.text)
 .text          0x0000000008000188       0x10 /Users/johannes/Library/Application Support/Code/User/globalStorage/bmd.stm32-for-vscode/@xpack-dev-tools/arm-none-eabi-gcc/11.2.1-1.2.2/.content/bin/../lib/gcc/arm-none-eabi/11.2.1/../../../../arm-none-eabi/lib/thumb/v7e-m+fp/hard/libc_nano.a(lib_a-strlen.o)
                0x0000000008000188                strlen
 .text          0x0000000008000198       0x30 /Users/johannes/Library/Application Support/Code/User/globalStorage/bmd.stm32-for-vscode/@xpack-dev-tools/arm-none-eabi-gcc/11.2.1-1.2.2/.content/bin/../lib/gcc/arm-none-eabi/11.2.1/thumb/v7e-m+fp/hard/libgcc.a(_aeabi_uldivmod.o)
                0x0000000008000198                __aeabi_uldivmod
 .text          0x00000000080001c8        0x4 /Users/johannes/Library/Application Support/Code/User/globalStorage/bmd.stm32-for-vscode/@xpack-dev-tools/arm-none-eabi-gcc/11.2.1-1.2.2/.content/bin/../lib/gcc/arm-none-eabi/11.2.1/thumb/v7e-m+fp/hard/libgcc.a(_dvmd_tls.o)
                0x00000000080001c8                __aeabi_ldiv0
                0x00000000080001c8                __aeabi_idiv0
 *(.text*)
 .text.__do_global_dtors_aux
                0x00000000080001cc       0x24 /Users/johannes/Library/Application Support/Code/User/globalStorage/bmd.stm32-for-vscode/@xpack-dev-tools/arm-none-eabi-gcc/11.2.1-1.2.2/.content/bin/../lib/gcc/arm-none-eabi/11.2.1/thumb/v7e-m+fp/hard/crtbegin.o
 .text.frame_dummy
                0x00000000080001f0       0x1c /Users/johannes/Library/Application Support/Code/User/globalStorage/bmd.stm32-for-vscode/@xpack-dev-tools/arm-none-eabi-gcc/11.2.1-1.2.2/.content/bin/../lib/gcc/arm-none-eabi/11.2.1/thumb/v7e-m+fp/hard/crtbegin.o
 .text._GetAvailWriteSpace
                0x000000000800020c       0x18 build/SEGGER_RTT.o
 .text._WriteNoCheck
                0x0000000008000224       0x4c build/SEGGER_RTT.o
 .text._WriteBlocking
                0x0000000008000270       0x62 build/SEGGER_RTT.o
 *fill*         0x00000000080002d2        0x2 
 .text._DoInit  0x00000000080002d4       0x6c build/SEGGER_RTT.o
 .text.SEGGER_RTT_ReadNoLock
                0x0000000008000340       0xa0 build/SEGGER_RTT.o
                0x0000000008000340                SEGGER_RTT_ReadNoLock
 .text.SEGGER_RTT_Read
                0x00000000080003e0       0x1c build/SEGGER_RTT.o
                0x00000000080003e0                SEGGER_RTT_Read
 .text.SEGGER_RTT_WriteNoLock
                0x00000000080003fc       0x6c build/SEGGER_RTT.o
                0x00000000080003fc                SEGGER_RTT_WriteNoLock
 .text.SEGGER_RTT_Write
                0x0000000008000468       0x34 build/SEGGER_RTT.o
                0x0000000008000468                SEGGER_RTT_Write
 .text.SEGGER_RTT_WriteString
                0x000000000800049c       0x18 build/SEGGER_RTT.o
                0x000000000800049c                SEGGER_RTT_WriteString
 .text.SEGGER_RTT_GetKey
                0x00000000080004b4       0x24 build/SEGGER_RTT.o
                0x00000000080004b4                SEGGER_RTT_GetKey
 .text.SEGGER_RTT_WaitKey
                0x00000000080004d8        0xc build/SEGGER_RTT.o
                0x00000000080004d8                SEGGER_RTT_WaitKey
 .text.SEGGER_RTT_ConfigUpBuffer
                0x00000000080004e4       0x70 build/SEGGER_RTT.o
                0x00000000080004e4                SEGGER_RTT_ConfigUpBuffer
 .text._StoreChar
                0x0000000008000554       0x40 build/SEGGER_RTT_printf.o
 .text._PrintUnsigned
                0x0000000008000594       0xe0 build/SEGGER_RTT_printf.o
 .text._PrintInt
                0x0000000008000674       0xea build/SEGGER_RTT_printf.o
 *fill*         0x000000000800075e        0x2 
 .text.SEGGER_RTT_vprintf
                0x0000000008000760      0x1f0 build/SEGGER_RTT_printf.o
                0x0000000008000760                SEGGER_RTT_vprintf
 .text.SEGGER_RTT_printf
                0x0000000008000950       0x1e build/SEGGER_RTT_printf.o
                0x0000000008000950                SEGGER_RTT_printf
 .text.ConsoleCommandMatch
                0x000000000800096e       0x40 build/console.o
 .text.ConsoleResetBuffer
                0x00000000080009ae       0x3c build/console.o
 .text.ConsoleCommandEndline
                0x00000000080009ea       0x22 build/console.o
 .text.ConsoleParamFindN
                0x0000000008000a0c       0x36 build/console.o
 .text.smallItoa
                0x0000000008000a42       0x44 build/console.o
 .text.ConsoleUtilHexCharToInt
                0x0000000008000a86       0x38 build/console.o
 .text.ConsoleUtilsIntToHexChar
                0x0000000008000abe       0x22 build/console.o
 .text.ConsoleInit
                0x0000000008000ae0       0x44 build/console.o
                0x0000000008000ae0                ConsoleInit
 .text.ConsoleProcess
                0x0000000008000b24      0x104 build/console.o
                0x0000000008000b24                ConsoleProcess
 .text.ConsoleReceiveParamInt16
                0x0000000008000c28       0x62 build/console.o
                0x0000000008000c28                ConsoleReceiveParamInt16
 .text.ConsoleReceiveParamHexUint16
                0x0000000008000c8a       0x5c build/console.o
                0x0000000008000c8a                ConsoleReceiveParamHexUint16
 .text.ConsoleSendParamHexUint16
                0x0000000008000ce6       0x48 build/console.o
                0x0000000008000ce6                ConsoleSendParamHexUint16
 .text.ConsoleSendParamInt16
                0x0000000008000d2e       0x1a build/console.o
                0x0000000008000d2e                ConsoleSendParamInt16
 .text.ConsoleCommandComment
                0x0000000008000d48        0x4 build/consoleCommands.o
 .text.ConsoleCommandVer
                0x0000000008000d4c       0x1c build/consoleCommands.o
 .text.ConsoleCommandHelp
                0x0000000008000d68       0x44 build/consoleCommands.o
 .text.ConsoleCommandParamLedOnOff
                0x0000000008000dac      0x114 build/consoleCommands.o
 .text.ConsoleCommandLedToggle
                0x0000000008000ec0       0x20 build/consoleCommands.o
 .text.ConsoleCommandParamExampleHexUint16
                0x0000000008000ee0       0x38 build/consoleCommands.o
 .text.ConsoleCommandParamExampleInt16
                0x0000000008000f18       0x54 build/consoleCommands.o
 .text.ConsoleCommandsGetTable
                0x0000000008000f6c        0x8 build/consoleCommands.o
                0x0000000008000f6c                ConsoleCommandsGetTable
 .text.ConsoleIoInit
                0x0000000008000f74        0x4 build/consoleIo.o
                0x0000000008000f74                ConsoleIoInit
 .text.ConsoleIoReceive
                0x0000000008000f78       0x1c build/consoleIo.o
                0x0000000008000f78                ConsoleIoReceive
 .text.ConsoleIoSendString
                0x0000000008000f94       0x14 build/consoleIo.o
                0x0000000008000f94                ConsoleIoSendString
 .text.MX_GPIO_Init
                0x0000000008000fa8       0xac build/main.o
 .text.Error_Handler
                0x0000000008001054        0x4 build/main.o
                0x0000000008001054                Error_Handler
 .text.SystemClock_Config
                0x0000000008001058       0xac build/main.o
                0x0000000008001058                SystemClock_Config
 .text.main     0x0000000008001104       0x34 build/main.o
                0x0000000008001104                main
 .text.HAL_MspInit
                0x0000000008001138       0x40 build/stm32f4xx_hal_msp.o
                0x0000000008001138                HAL_MspInit
 .text.NMI_Handler
                0x0000000008001178        0x2 build/stm32f4xx_it.o
                0x0000000008001178                NMI_Handler
 .text.HardFault_Handler
                0x000000000800117a        0x2 build/stm32f4xx_it.o
                0x000000000800117a                HardFault_Handler
 .text.MemManage_Handler
                0x000000000800117c        0x2 build/stm32f4xx_it.o
                0x000000000800117c                MemManage_Handler
 .text.BusFault_Handler
                0x000000000800117e        0x2 build/stm32f4xx_it.o
                0x000000000800117e                BusFault_Handler
 .text.UsageFault_Handler
                0x0000000008001180        0x2 build/stm32f4xx_it.o
                0x0000000008001180                UsageFault_Handler
 .text.SVC_Handler
                0x0000000008001182        0x2 build/stm32f4xx_it.o
                0x0000000008001182                SVC_Handler
 .text.DebugMon_Handler
                0x0000000008001184        0x2 build/stm32f4xx_it.o
                0x0000000008001184                DebugMon_Handler
 .text.PendSV_Handler
                0x0000000008001186        0x2 build/stm32f4xx_it.o
                0x0000000008001186                PendSV_Handler
 .text.SysTick_Handler
                0x0000000008001188        0x8 build/stm32f4xx_it.o
                0x0000000008001188                SysTick_Handler
 .text.SystemInit
                0x0000000008001190       0x14 build/system_stm32f4xx.o
                0x0000000008001190                SystemInit
 .text.HAL_InitTick
                0x00000000080011a4       0x4c build/stm32f4xx_hal.o
                0x00000000080011a4                HAL_InitTick
 .text.HAL_Init
                0x00000000080011f0       0x34 build/stm32f4xx_hal.o
                0x00000000080011f0                HAL_Init
 .text.HAL_IncTick
                0x0000000008001224       0x18 build/stm32f4xx_hal.o
                0x0000000008001224                HAL_IncTick
 .text.HAL_GetTick
                0x000000000800123c        0xc build/stm32f4xx_hal.o
                0x000000000800123c                HAL_GetTick
 .text.HAL_NVIC_SetPriorityGrouping
                0x0000000008001248       0x24 build/stm32f4xx_hal_cortex.o
                0x0000000008001248                HAL_NVIC_SetPriorityGrouping
 .text.HAL_NVIC_SetPriority
                0x000000000800126c       0x70 build/stm32f4xx_hal_cortex.o
                0x000000000800126c                HAL_NVIC_SetPriority
 .text.HAL_SYSTICK_Config
                0x00000000080012dc       0x28 build/stm32f4xx_hal_cortex.o
                0x00000000080012dc                HAL_SYSTICK_Config
 .text.HAL_GPIO_Init
                0x0000000008001304      0x1ec build/stm32f4xx_hal_gpio.o
                0x0000000008001304                HAL_GPIO_Init
 .text.HAL_GPIO_WritePin
                0x00000000080014f0        0xc build/stm32f4xx_hal_gpio.o
                0x00000000080014f0                HAL_GPIO_WritePin
 .text.HAL_GPIO_TogglePin
                0x00000000080014fc       0x12 build/stm32f4xx_hal_gpio.o
                0x00000000080014fc                HAL_GPIO_TogglePin
 *fill*         0x000000000800150e        0x2 
 .text.HAL_RCC_OscConfig
                0x0000000008001510      0x3f8 build/stm32f4xx_hal_rcc.o
                0x0000000008001510                HAL_RCC_OscConfig
 .text.HAL_RCC_GetSysClockFreq
                0x0000000008001908       0xdc build/stm32f4xx_hal_rcc.o
                0x0000000008001908                HAL_RCC_GetSysClockFreq
 .text.HAL_RCC_ClockConfig
                0x00000000080019e4      0x160 build/stm32f4xx_hal_rcc.o
                0x00000000080019e4                HAL_RCC_ClockConfig
 .text.Reset_Handler
                0x0000000008001b44       0x50 build/startup_stm32f407xx.o
                0x0000000008001b44                Reset_Handler
 .text.Default_Handler
                0x0000000008001b94        0x2 build/startup_stm32f407xx.o
                0x0000000008001b94                DMA1_Stream3_IRQHandler
                0x0000000008001b94                HASH_RNG_IRQHandler
                0x0000000008001b94                EXTI2_IRQHandler
                0x0000000008001b94                TIM8_CC_IRQHandler
                0x0000000008001b94                TIM1_CC_IRQHandler
                0x0000000008001b94                DMA2_Stream5_IRQHandler
                0x0000000008001b94                DMA1_Stream5_IRQHandler
                0x0000000008001b94                PVD_IRQHandler
                0x0000000008001b94                SDIO_IRQHandler
                0x0000000008001b94                TAMP_STAMP_IRQHandler
                0x0000000008001b94                CAN2_RX1_IRQHandler
                0x0000000008001b94                EXTI3_IRQHandler
                0x0000000008001b94                TIM8_TRG_COM_TIM14_IRQHandler
                0x0000000008001b94                TIM1_UP_TIM10_IRQHandler
                0x0000000008001b94                TIM8_UP_TIM13_IRQHandler
                0x0000000008001b94                I2C3_ER_IRQHandler
                0x0000000008001b94                EXTI0_IRQHandler
                0x0000000008001b94                I2C2_EV_IRQHandler
                0x0000000008001b94                DMA1_Stream2_IRQHandler
                0x0000000008001b94                CAN1_RX0_IRQHandler
                0x0000000008001b94                FPU_IRQHandler
                0x0000000008001b94                OTG_HS_WKUP_IRQHandler
                0x0000000008001b94                CAN2_SCE_IRQHandler
                0x0000000008001b94                DMA2_Stream2_IRQHandler
                0x0000000008001b94                SPI1_IRQHandler
                0x0000000008001b94                TIM6_DAC_IRQHandler
                0x0000000008001b94                TIM1_BRK_TIM9_IRQHandler
                0x0000000008001b94                DCMI_IRQHandler
                0x0000000008001b94                CAN2_RX0_IRQHandler
                0x0000000008001b94                DMA2_Stream3_IRQHandler
                0x0000000008001b94                USART6_IRQHandler
                0x0000000008001b94                USART3_IRQHandler
                0x0000000008001b94                CAN1_RX1_IRQHandler
                0x0000000008001b94                UART5_IRQHandler
                0x0000000008001b94                DMA2_Stream0_IRQHandler
                0x0000000008001b94                TIM4_IRQHandler
                0x0000000008001b94                I2C1_EV_IRQHandler
                0x0000000008001b94                DMA1_Stream6_IRQHandler
                0x0000000008001b94                DMA1_Stream1_IRQHandler
                0x0000000008001b94                UART4_IRQHandler
                0x0000000008001b94                TIM3_IRQHandler
                0x0000000008001b94                RCC_IRQHandler
                0x0000000008001b94                TIM8_BRK_TIM12_IRQHandler
                0x0000000008001b94                Default_Handler
                0x0000000008001b94                EXTI15_10_IRQHandler
                0x0000000008001b94                ADC_IRQHandler
                0x0000000008001b94                DMA1_Stream7_IRQHandler
                0x0000000008001b94                TIM7_IRQHandler
                0x0000000008001b94                CAN2_TX_IRQHandler
                0x0000000008001b94                TIM5_IRQHandler
                0x0000000008001b94                DMA2_Stream7_IRQHandler
                0x0000000008001b94                I2C3_EV_IRQHandler
                0x0000000008001b94                EXTI9_5_IRQHandler
                0x0000000008001b94                RTC_WKUP_IRQHandler
                0x0000000008001b94                ETH_WKUP_IRQHandler
                0x0000000008001b94                SPI2_IRQHandler
                0x0000000008001b94                OTG_HS_EP1_IN_IRQHandler
                0x0000000008001b94                DMA1_Stream0_IRQHandler
                0x0000000008001b94                CAN1_TX_IRQHandler
                0x0000000008001b94                EXTI4_IRQHandler
                0x0000000008001b94                FSMC_IRQHandler
                0x0000000008001b94                ETH_IRQHandler
                0x0000000008001b94                OTG_HS_EP1_OUT_IRQHandler
                0x0000000008001b94                WWDG_IRQHandler
                0x0000000008001b94                TIM2_IRQHandler
                0x0000000008001b94                OTG_FS_WKUP_IRQHandler
                0x0000000008001b94                TIM1_TRG_COM_TIM11_IRQHandler
                0x0000000008001b94                OTG_HS_IRQHandler
                0x0000000008001b94                EXTI1_IRQHandler
                0x0000000008001b94                USART2_IRQHandler
                0x0000000008001b94                I2C2_ER_IRQHandler
                0x0000000008001b94                DMA2_Stream1_IRQHandler
                0x0000000008001b94                CAN1_SCE_IRQHandler
                0x0000000008001b94                FLASH_IRQHandler
                0x0000000008001b94                DMA2_Stream4_IRQHandler
                0x0000000008001b94                USART1_IRQHandler
                0x0000000008001b94                OTG_FS_IRQHandler
                0x0000000008001b94                SPI3_IRQHandler
                0x0000000008001b94                DMA1_Stream4_IRQHandler
                0x0000000008001b94                I2C1_ER_IRQHandler
                0x0000000008001b94                DMA2_Stream6_IRQHandler
                0x0000000008001b94                RTC_Alarm_IRQHandler
 .text.atoi     0x0000000008001b96        0x8 /Users/johannes/Library/Application Support/Code/User/globalStorage/bmd.stm32-for-vscode/@xpack-dev-tools/arm-none-eabi-gcc/11.2.1-1.2.2/.content/bin/../lib/gcc/arm-none-eabi/11.2.1/../../../../arm-none-eabi/lib/thumb/v7e-m+fp/hard/libc_nano.a(lib_a-atoi.o)
                0x0000000008001b96                atoi
 *fill*         0x0000000008001b9e        0x2 
 .text.__libc_init_array
                0x0000000008001ba0       0x48 /Users/johannes/Library/Application Support/Code/User/globalStorage/bmd.stm32-for-vscode/@xpack-dev-tools/arm-none-eabi-gcc/11.2.1-1.2.2/.content/bin/../lib/gcc/arm-none-eabi/11.2.1/../../../../arm-none-eabi/lib/thumb/v7e-m+fp/hard/libc_nano.a(lib_a-init.o)
                0x0000000008001ba0                __libc_init_array
 .text.memcpy   0x0000000008001be8       0x1c /Users/johannes/Library/Application Support/Code/User/globalStorage/bmd.stm32-for-vscode/@xpack-dev-tools/arm-none-eabi-gcc/11.2.1-1.2.2/.content/bin/../lib/gcc/arm-none-eabi/11.2.1/../../../../arm-none-eabi/lib/thumb/v7e-m+fp/hard/libc_nano.a(lib_a-memcpy-stub.o)
                0x0000000008001be8                memcpy
 .text.memset   0x0000000008001c04       0x10 /Users/johannes/Library/Application Support/Code/User/globalStorage/bmd.stm32-for-vscode/@xpack-dev-tools/arm-none-eabi-gcc/11.2.1-1.2.2/.content/bin/../lib/gcc/arm-none-eabi/11.2.1/../../../../arm-none-eabi/lib/thumb/v7e-m+fp/hard/libc_nano.a(lib_a-memset.o)
                0x0000000008001c04                memset
 .text._strtol_l.constprop.0
                0x0000000008001c14      0x104 /Users/johannes/Library/Application Support/Code/User/globalStorage/bmd.stm32-for-vscode/@xpack-dev-tools/arm-none-eabi-gcc/11.2.1-1.2.2/.content/bin/../lib/gcc/arm-none-eabi/11.2.1/../../../../arm-none-eabi/lib/thumb/v7e-m+fp/hard/libc_nano.a(lib_a-strtol.o)
 .text.strtol   0x0000000008001d18       0x14 /Users/johannes/Library/Application Support/Code/User/globalStorage/bmd.stm32-for-vscode/@xpack-dev-tools/arm-none-eabi-gcc/11.2.1-1.2.2/.content/bin/../lib/gcc/arm-none-eabi/11.2.1/../../../../arm-none-eabi/lib/thumb/v7e-m+fp/hard/libc_nano.a(lib_a-strtol.o)
                0x0000000008001d18                strtol
 .text.__errno  0x0000000008001d2c        0xc /Users/johannes/Library/Application Support/Code/User/globalStorage/bmd.stm32-for-vscode/@xpack-dev-tools/arm-none-eabi-gcc/11.2.1-1.2.2/.content/bin/../lib/gcc/arm-none-eabi/11.2.1/../../../../arm-none-eabi/lib/thumb/v7e-m+fp/hard/libc_nano.a(lib_a-errno.o)
                0x0000000008001d2c                __errno
 .text.__udivmoddi4
                0x0000000008001d38      0x2c8 /Users/johannes/Library/Application Support/Code/User/globalStorage/bmd.stm32-for-vscode/@xpack-dev-tools/arm-none-eabi-gcc/11.2.1-1.2.2/.content/bin/../lib/gcc/arm-none-eabi/11.2.1/thumb/v7e-m+fp/hard/libgcc.a(_udivmoddi4.o)
                0x0000000008001d38                __udivmoddi4
 *(.glue_7)
 .glue_7        0x0000000008002000        0x0 linker stubs
 *(.glue_7t)
 .glue_7t       0x0000000008002000        0x0 linker stubs
 *(.eh_frame)
 .eh_frame      0x0000000008002000        0x0 /Users/johannes/Library/Application Support/Code/User/globalStorage/bmd.stm32-for-vscode/@xpack-dev-tools/arm-none-eabi-gcc/11.2.1-1.2.2/.content/bin/../lib/gcc/arm-none-eabi/11.2.1/thumb/v7e-m+fp/hard/crtbegin.o
 *(.init)
 .init          0x0000000008002000        0x4 /Users/johannes/Library/Application Support/Code/User/globalStorage/bmd.stm32-for-vscode/@xpack-dev-tools/arm-none-eabi-gcc/11.2.1-1.2.2/.content/bin/../lib/gcc/arm-none-eabi/11.2.1/thumb/v7e-m+fp/hard/crti.o
                0x0000000008002000                _init
 .init          0x0000000008002004        0x8 /Users/johannes/Library/Application Support/Code/User/globalStorage/bmd.stm32-for-vscode/@xpack-dev-tools/arm-none-eabi-gcc/11.2.1-1.2.2/.content/bin/../lib/gcc/arm-none-eabi/11.2.1/thumb/v7e-m+fp/hard/crtn.o
 *(.fini)
 .fini          0x000000000800200c        0x4 /Users/johannes/Library/Application Support/Code/User/globalStorage/bmd.stm32-for-vscode/@xpack-dev-tools/arm-none-eabi-gcc/11.2.1-1.2.2/.content/bin/../lib/gcc/arm-none-eabi/11.2.1/thumb/v7e-m+fp/hard/crti.o
                0x000000000800200c                _fini
 .fini          0x0000000008002010        0x8 /Users/johannes/Library/Application Support/Code/User/globalStorage/bmd.stm32-for-vscode/@xpack-dev-tools/arm-none-eabi-gcc/11.2.1-1.2.2/.content/bin/../lib/gcc/arm-none-eabi/11.2.1/thumb/v7e-m+fp/hard/crtn.o
                0x0000000008002018                . = ALIGN (0x4)
                0x0000000008002018                _etext = .

.vfp11_veneer   0x0000000008002018        0x0
 .vfp11_veneer  0x0000000008002018        0x0 linker stubs

.v4_bx          0x0000000008002018        0x0
 .v4_bx         0x0000000008002018        0x0 linker stubs

.iplt           0x0000000008002018        0x0
 .iplt          0x0000000008002018        0x0 /Users/johannes/Library/Application Support/Code/User/globalStorage/bmd.stm32-for-vscode/@xpack-dev-tools/arm-none-eabi-gcc/11.2.1-1.2.2/.content/bin/../lib/gcc/arm-none-eabi/11.2.1/thumb/v7e-m+fp/hard/crtbegin.o

.rodata         0x0000000008002018      0x524
                0x0000000008002018                . = ALIGN (0x4)
 *(.rodata)
 *(.rodata*)
 .rodata._DoInit.str1.4
                0x0000000008002018        0x9 build/SEGGER_RTT.o
 *fill*         0x0000000008002021        0x3 
 .rodata._aInitStr.0
                0x0000000008002024       0x11 build/SEGGER_RTT.o
 *fill*         0x0000000008002035        0x3 
 .rodata._aV2C.0
                0x0000000008002038       0x10 build/SEGGER_RTT_printf.o
 .rodata.ConsoleInit.str1.4
                0x0000000008002048       0x4b build/console.o
                                         0x4f (size before relaxing)
 *fill*         0x0000000008002093        0x1 
 .rodata.ConsoleProcess.str1.4
                0x0000000008002094       0x23 build/console.o
 *fill*         0x00000000080020b7        0x1 
 .rodata.ConsoleCommandVer.str1.4
                0x00000000080020b8       0x15 build/consoleCommands.o
                                         0x1b (size before relaxing)
 *fill*         0x00000000080020cd        0x3 
 .rodata.ConsoleCommandHelp.str1.4
                0x00000000080020d0        0x4 build/consoleCommands.o
 .rodata.ConsoleCommandParamLedOnOff.str1.4
                0x00000000080020d4       0x91 build/consoleCommands.o
 *fill*         0x0000000008002165        0x3 
 .rodata.ConsoleCommandParamExampleHexUint16.str1.4
                0x0000000008002168       0x10 build/consoleCommands.o
 .rodata.ConsoleCommandParamExampleInt16.str1.4
                0x0000000008002178       0x1a build/consoleCommands.o
 *fill*         0x0000000008002192        0x2 
 .rodata.str1.4
                0x0000000008002194       0x29 build/consoleCommands.o
 *fill*         0x00000000080021bd        0x3 
 .rodata.mConsoleCommandTable
                0x00000000080021c0      0x240 build/consoleCommands.o
 .rodata.ConsoleIoSendString.str1.4
                0x0000000008002400        0x3 build/consoleIo.o
 *fill*         0x0000000008002403        0x1 
 .rodata.main.str1.4
                0x0000000008002404       0x23 build/main.o
 *fill*         0x0000000008002427        0x1 
 .rodata.AHBPrescTable
                0x0000000008002428       0x10 build/system_stm32f4xx.o
                0x0000000008002428                AHBPrescTable
 .rodata._ctype_
                0x0000000008002438      0x101 /Users/johannes/Library/Application Support/Code/User/globalStorage/bmd.stm32-for-vscode/@xpack-dev-tools/arm-none-eabi-gcc/11.2.1-1.2.2/.content/bin/../lib/gcc/arm-none-eabi/11.2.1/../../../../arm-none-eabi/lib/thumb/v7e-m+fp/hard/libc_nano.a(lib_a-ctype_.o)
                0x0000000008002438                _ctype_
                0x000000000800253c                . = ALIGN (0x4)
 *fill*         0x0000000008002539        0x3 

.ARM.extab
 *(.ARM.extab* .gnu.linkonce.armextab.*)

.ARM            0x000000000800253c        0x8
                0x000000000800253c                __exidx_start = .
 *(.ARM.exidx*)
 .ARM.exidx.text.__udivmoddi4
                0x000000000800253c        0x8 /Users/johannes/Library/Application Support/Code/User/globalStorage/bmd.stm32-for-vscode/@xpack-dev-tools/arm-none-eabi-gcc/11.2.1-1.2.2/.content/bin/../lib/gcc/arm-none-eabi/11.2.1/thumb/v7e-m+fp/hard/libgcc.a(_udivmoddi4.o)
                0x0000000008002544                __exidx_end = .

.rel.dyn        0x0000000008002544        0x0
 .rel.iplt      0x0000000008002544        0x0 /Users/johannes/Library/Application Support/Code/User/globalStorage/bmd.stm32-for-vscode/@xpack-dev-tools/arm-none-eabi-gcc/11.2.1-1.2.2/.content/bin/../lib/gcc/arm-none-eabi/11.2.1/thumb/v7e-m+fp/hard/crtbegin.o

.preinit_array  0x0000000008002544        0x0
                0x0000000008002544                PROVIDE (__preinit_array_start = .)
 *(.preinit_array*)
                0x0000000008002544                PROVIDE (__preinit_array_end = .)

.init_array     0x0000000008002544        0x4
                0x0000000008002544                PROVIDE (__init_array_start = .)
 *(SORT_BY_NAME(.init_array.*))
 *(.init_array*)
 .init_array    0x0000000008002544        0x4 /Users/johannes/Library/Application Support/Code/User/globalStorage/bmd.stm32-for-vscode/@xpack-dev-tools/arm-none-eabi-gcc/11.2.1-1.2.2/.content/bin/../lib/gcc/arm-none-eabi/11.2.1/thumb/v7e-m+fp/hard/crtbegin.o
                0x0000000008002548                PROVIDE (__init_array_end = .)

.fini_array     0x0000000008002548        0x4
                0x0000000008002548                PROVIDE (__fini_array_start = .)
 *(SORT_BY_NAME(.fini_array.*))
 *(.fini_array*)
 .fini_array    0x0000000008002548        0x4 /Users/johannes/Library/Application Support/Code/User/globalStorage/bmd.stm32-for-vscode/@xpack-dev-tools/arm-none-eabi-gcc/11.2.1-1.2.2/.content/bin/../lib/gcc/arm-none-eabi/11.2.1/thumb/v7e-m+fp/hard/crtbegin.o
                0x000000000800254c                PROVIDE (__fini_array_end = .)
                0x000000000800254c                _sidata = LOADADDR (.data)

.data           0x0000000020000000       0x70 load address 0x000000000800254c
                0x0000000020000000                . = ALIGN (0x4)
                0x0000000020000000                _sdata = .
 *(.data)
 *(.data*)
 .data.SystemCoreClock
                0x0000000020000000        0x4 build/system_stm32f4xx.o
                0x0000000020000000                SystemCoreClock
 .data.uwTickFreq
                0x0000000020000004        0x1 build/stm32f4xx_hal.o
                0x0000000020000004                uwTickFreq
 *fill*         0x0000000020000005        0x3 
 .data.uwTickPrio
                0x0000000020000008        0x4 build/stm32f4xx_hal.o
                0x0000000020000008                uwTickPrio
 .data._impure_ptr
                0x000000002000000c        0x4 /Users/johannes/Library/Application Support/Code/User/globalStorage/bmd.stm32-for-vscode/@xpack-dev-tools/arm-none-eabi-gcc/11.2.1-1.2.2/.content/bin/../lib/gcc/arm-none-eabi/11.2.1/../../../../arm-none-eabi/lib/thumb/v7e-m+fp/hard/libc_nano.a(lib_a-impure.o)
                0x000000002000000c                _impure_ptr
 .data.impure_data
                0x0000000020000010       0x60 /Users/johannes/Library/Application Support/Code/User/globalStorage/bmd.stm32-for-vscode/@xpack-dev-tools/arm-none-eabi-gcc/11.2.1-1.2.2/.content/bin/../lib/gcc/arm-none-eabi/11.2.1/../../../../arm-none-eabi/lib/thumb/v7e-m+fp/hard/libc_nano.a(lib_a-impure.o)
                0x0000000020000070                . = ALIGN (0x4)
                0x0000000020000070                _edata = .
                0x00000000080025bc                _siccmram = LOADADDR (.ccmram)

.igot.plt       0x0000000020000070        0x0 load address 0x00000000080025bc
 .igot.plt      0x0000000020000070        0x0 /Users/johannes/Library/Application Support/Code/User/globalStorage/bmd.stm32-for-vscode/@xpack-dev-tools/arm-none-eabi-gcc/11.2.1-1.2.2/.content/bin/../lib/gcc/arm-none-eabi/11.2.1/thumb/v7e-m+fp/hard/crtbegin.o

.ccmram         0x0000000010000000        0x0 load address 0x00000000080025bc
                0x0000000010000000                . = ALIGN (0x4)
                0x0000000010000000                _sccmram = .
 *(.ccmram)
 *(.ccmram*)
                0x0000000010000000                . = ALIGN (0x4)
                0x0000000010000000                _eccmram = .
                0x0000000010000000                . = ALIGN (0x4)

.bss            0x0000000020000070      0x5e0
                0x0000000020000070                _sbss = .
                0x0000000020000070                __bss_start__ = _sbss
 *(.bss)
 *(.bss*)
 .bss.completed.1
                0x0000000020000070        0x1 /Users/johannes/Library/Application Support/Code/User/globalStorage/bmd.stm32-for-vscode/@xpack-dev-tools/arm-none-eabi-gcc/11.2.1-1.2.2/.content/bin/../lib/gcc/arm-none-eabi/11.2.1/thumb/v7e-m+fp/hard/crtbegin.o
 *fill*         0x0000000020000071        0x3 
 .bss.object.0  0x0000000020000074       0x18 /Users/johannes/Library/Application Support/Code/User/globalStorage/bmd.stm32-for-vscode/@xpack-dev-tools/arm-none-eabi-gcc/11.2.1-1.2.2/.content/bin/../lib/gcc/arm-none-eabi/11.2.1/thumb/v7e-m+fp/hard/crtbegin.o
 .bss._SEGGER_RTT
                0x000000002000008c       0xa8 build/SEGGER_RTT.o
                0x000000002000008c                _SEGGER_RTT
 .bss._acDownBuffer
                0x0000000020000134       0x10 build/SEGGER_RTT.o
 .bss._acUpBuffer
                0x0000000020000144      0x400 build/SEGGER_RTT.o
 .bss.mReceiveBuffer
                0x0000000020000544      0x100 build/console.o
                0x0000000020000544                mReceiveBuffer
 .bss.mReceiveBufferNeedsChecking
                0x0000000020000644        0x1 build/console.o
                0x0000000020000644                mReceiveBufferNeedsChecking
 *fill*         0x0000000020000645        0x3 
 .bss.mReceivedSoFar
                0x0000000020000648        0x4 build/console.o
                0x0000000020000648                mReceivedSoFar
 .bss.uwTick    0x000000002000064c        0x4 build/stm32f4xx_hal.o
                0x000000002000064c                uwTick
 *(COMMON)
                0x0000000020000650                . = ALIGN (0x4)
                0x0000000020000650                _ebss = .
                0x0000000020000650                __bss_end__ = _ebss

._user_heap_stack
                0x0000000020000650      0x600
                0x0000000020000650                . = ALIGN (0x8)
                [!provide]                        PROVIDE (end = .)
                [!provide]                        PROVIDE (_end = .)
                0x0000000020000850                . = (. + _Min_Heap_Size)
 *fill*         0x0000000020000650      0x200 
                0x0000000020000c50                . = (. + _Min_Stack_Size)
 *fill*         0x0000000020000850      0x400 
                0x0000000020000c50                . = ALIGN (0x8)

/DISCARD/
 libc.a(*)
 libm.a(*)
 libgcc.a(*)

.ARM.attributes
                0x0000000000000000       0x30
 *(.ARM.attributes)
 .ARM.attributes
                0x0000000000000000       0x1e /Users/johannes/Library/Application Support/Code/User/globalStorage/bmd.stm32-for-vscode/@xpack-dev-tools/arm-none-eabi-gcc/11.2.1-1.2.2/.content/bin/../lib/gcc/arm-none-eabi/11.2.1/thumb/v7e-m+fp/hard/crti.o
 .ARM.attributes
                0x000000000000001e       0x34 /Users/johannes/Library/Application Support/Code/User/globalStorage/bmd.stm32-for-vscode/@xpack-dev-tools/arm-none-eabi-gcc/11.2.1-1.2.2/.content/bin/../lib/gcc/arm-none-eabi/11.2.1/thumb/v7e-m+fp/hard/crtbegin.o
 .ARM.attributes
                0x0000000000000052       0x34 build/SEGGER_RTT.o
 .ARM.attributes
                0x0000000000000086       0x34 build/SEGGER_RTT_printf.o
 .ARM.attributes
                0x00000000000000ba       0x34 build/console.o
 .ARM.attributes
                0x00000000000000ee       0x34 build/consoleCommands.o
 .ARM.attributes
                0x0000000000000122       0x34 build/consoleIo.o
 .ARM.attributes
                0x0000000000000156       0x34 build/main.o
 .ARM.attributes
                0x000000000000018a       0x34 build/stm32f4xx_hal_msp.o
 .ARM.attributes
                0x00000000000001be       0x34 build/stm32f4xx_it.o
 .ARM.attributes
                0x00000000000001f2       0x34 build/system_stm32f4xx.o
 .ARM.attributes
                0x0000000000000226       0x34 build/stm32f4xx_hal.o
 .ARM.attributes
                0x000000000000025a       0x34 build/stm32f4xx_hal_cortex.o
 .ARM.attributes
                0x000000000000028e       0x34 build/stm32f4xx_hal_gpio.o
 .ARM.attributes
                0x00000000000002c2       0x34 build/stm32f4xx_hal_rcc.o
 .ARM.attributes
                0x00000000000002f6       0x21 build/startup_stm32f407xx.o
 .ARM.attributes
                0x0000000000000317       0x34 /Users/johannes/Library/Application Support/Code/User/globalStorage/bmd.stm32-for-vscode/@xpack-dev-tools/arm-none-eabi-gcc/11.2.1-1.2.2/.content/bin/../lib/gcc/arm-none-eabi/11.2.1/../../../../arm-none-eabi/lib/thumb/v7e-m+fp/hard/libc_nano.a(lib_a-atoi.o)
 .ARM.attributes
                0x000000000000034b       0x34 /Users/johannes/Library/Application Support/Code/User/globalStorage/bmd.stm32-for-vscode/@xpack-dev-tools/arm-none-eabi-gcc/11.2.1-1.2.2/.content/bin/../lib/gcc/arm-none-eabi/11.2.1/../../../../arm-none-eabi/lib/thumb/v7e-m+fp/hard/libc_nano.a(lib_a-impure.o)
 .ARM.attributes
                0x000000000000037f       0x34 /Users/johannes/Library/Application Support/Code/User/globalStorage/bmd.stm32-for-vscode/@xpack-dev-tools/arm-none-eabi-gcc/11.2.1-1.2.2/.content/bin/../lib/gcc/arm-none-eabi/11.2.1/../../../../arm-none-eabi/lib/thumb/v7e-m+fp/hard/libc_nano.a(lib_a-init.o)
 .ARM.attributes
                0x00000000000003b3       0x34 /Users/johannes/Library/Application Support/Code/User/globalStorage/bmd.stm32-for-vscode/@xpack-dev-tools/arm-none-eabi-gcc/11.2.1-1.2.2/.content/bin/../lib/gcc/arm-none-eabi/11.2.1/../../../../arm-none-eabi/lib/thumb/v7e-m+fp/hard/libc_nano.a(lib_a-memcpy-stub.o)
 .ARM.attributes
                0x00000000000003e7       0x34 /Users/johannes/Library/Application Support/Code/User/globalStorage/bmd.stm32-for-vscode/@xpack-dev-tools/arm-none-eabi-gcc/11.2.1-1.2.2/.content/bin/../lib/gcc/arm-none-eabi/11.2.1/../../../../arm-none-eabi/lib/thumb/v7e-m+fp/hard/libc_nano.a(lib_a-memset.o)
 .ARM.attributes
                0x000000000000041b       0x17 /Users/johannes/Library/Application Support/Code/User/globalStorage/bmd.stm32-for-vscode/@xpack-dev-tools/arm-none-eabi-gcc/11.2.1-1.2.2/.content/bin/../lib/gcc/arm-none-eabi/11.2.1/../../../../arm-none-eabi/lib/thumb/v7e-m+fp/hard/libc_nano.a(lib_a-strlen.o)
 .ARM.attributes
                0x0000000000000432       0x34 /Users/johannes/Library/Application Support/Code/User/globalStorage/bmd.stm32-for-vscode/@xpack-dev-tools/arm-none-eabi-gcc/11.2.1-1.2.2/.content/bin/../lib/gcc/arm-none-eabi/11.2.1/../../../../arm-none-eabi/lib/thumb/v7e-m+fp/hard/libc_nano.a(lib_a-strtol.o)
 .ARM.attributes
                0x0000000000000466       0x34 /Users/johannes/Library/Application Support/Code/User/globalStorage/bmd.stm32-for-vscode/@xpack-dev-tools/arm-none-eabi-gcc/11.2.1-1.2.2/.content/bin/../lib/gcc/arm-none-eabi/11.2.1/../../../../arm-none-eabi/lib/thumb/v7e-m+fp/hard/libc_nano.a(lib_a-ctype_.o)
 .ARM.attributes
                0x000000000000049a       0x34 /Users/johannes/Library/Application Support/Code/User/globalStorage/bmd.stm32-for-vscode/@xpack-dev-tools/arm-none-eabi-gcc/11.2.1-1.2.2/.content/bin/../lib/gcc/arm-none-eabi/11.2.1/../../../../arm-none-eabi/lib/thumb/v7e-m+fp/hard/libc_nano.a(lib_a-errno.o)
 .ARM.attributes
                0x00000000000004ce       0x1e /Users/johannes/Library/Application Support/Code/User/globalStorage/bmd.stm32-for-vscode/@xpack-dev-tools/arm-none-eabi-gcc/11.2.1-1.2.2/.content/bin/../lib/gcc/arm-none-eabi/11.2.1/thumb/v7e-m+fp/hard/libgcc.a(_aeabi_uldivmod.o)
 .ARM.attributes
                0x00000000000004ec       0x34 /Users/johannes/Library/Application Support/Code/User/globalStorage/bmd.stm32-for-vscode/@xpack-dev-tools/arm-none-eabi-gcc/11.2.1-1.2.2/.content/bin/../lib/gcc/arm-none-eabi/11.2.1/thumb/v7e-m+fp/hard/libgcc.a(_udivmoddi4.o)
 .ARM.attributes
                0x0000000000000520       0x1e /Users/johannes/Library/Application Support/Code/User/globalStorage/bmd.stm32-for-vscode/@xpack-dev-tools/arm-none-eabi-gcc/11.2.1-1.2.2/.content/bin/../lib/gcc/arm-none-eabi/11.2.1/thumb/v7e-m+fp/hard/libgcc.a(_dvmd_tls.o)
 .ARM.attributes
                0x000000000000053e       0x1e /Users/johannes/Library/Application Support/Code/User/globalStorage/bmd.stm32-for-vscode/@xpack-dev-tools/arm-none-eabi-gcc/11.2.1-1.2.2/.content/bin/../lib/gcc/arm-none-eabi/11.2.1/thumb/v7e-m+fp/hard/crtn.o
OUTPUT(build/stm32f407disc_RTT.elf elf32-littlearm)
LOAD linker stubs
LOAD /Users/johannes/Library/Application Support/Code/User/globalStorage/bmd.stm32-for-vscode/@xpack-dev-tools/arm-none-eabi-gcc/11.2.1-1.2.2/.content/bin/../lib/gcc/arm-none-eabi/11.2.1/../../../../arm-none-eabi/lib/thumb/v7e-m+fp/hard/libc.a
LOAD /Users/johannes/Library/Application Support/Code/User/globalStorage/bmd.stm32-for-vscode/@xpack-dev-tools/arm-none-eabi-gcc/11.2.1-1.2.2/.content/bin/../lib/gcc/arm-none-eabi/11.2.1/../../../../arm-none-eabi/lib/thumb/v7e-m+fp/hard/libm.a
LOAD /Users/johannes/Library/Application Support/Code/User/globalStorage/bmd.stm32-for-vscode/@xpack-dev-tools/arm-none-eabi-gcc/11.2.1-1.2.2/.content/bin/../lib/gcc/arm-none-eabi/11.2.1/thumb/v7e-m+fp/hard/libgcc.a

.comment        0x0000000000000000       0x39
 .comment       0x0000000000000000       0x39 /Users/johannes/Library/Application Support/Code/User/globalStorage/bmd.stm32-for-vscode/@xpack-dev-tools/arm-none-eabi-gcc/11.2.1-1.2.2/.content/bin/../lib/gcc/arm-none-eabi/11.2.1/thumb/v7e-m+fp/hard/crtbegin.o
                                         0x3a (size before relaxing)
 .comment       0x0000000000000039       0x3a build/SEGGER_RTT.o
 .comment       0x0000000000000039       0x3a build/SEGGER_RTT_printf.o
 .comment       0x0000000000000039       0x3a build/console.o
 .comment       0x0000000000000039       0x3a build/consoleCommands.o
 .comment       0x0000000000000039       0x3a build/consoleIo.o
 .comment       0x0000000000000039       0x3a build/main.o
 .comment       0x0000000000000039       0x3a build/stm32f4xx_hal_msp.o
 .comment       0x0000000000000039       0x3a build/stm32f4xx_it.o
 .comment       0x0000000000000039       0x3a build/system_stm32f4xx.o
 .comment       0x0000000000000039       0x3a build/stm32f4xx_hal.o
 .comment       0x0000000000000039       0x3a build/stm32f4xx_hal_cortex.o
 .comment       0x0000000000000039       0x3a build/stm32f4xx_hal_gpio.o
 .comment       0x0000000000000039       0x3a build/stm32f4xx_hal_rcc.o
 .comment       0x0000000000000039       0x3a /Users/johannes/Library/Application Support/Code/User/globalStorage/bmd.stm32-for-vscode/@xpack-dev-tools/arm-none-eabi-gcc/11.2.1-1.2.2/.content/bin/../lib/gcc/arm-none-eabi/11.2.1/../../../../arm-none-eabi/lib/thumb/v7e-m+fp/hard/libc_nano.a(lib_a-atoi.o)
 .comment       0x0000000000000039       0x3a /Users/johannes/Library/Application Support/Code/User/globalStorage/bmd.stm32-for-vscode/@xpack-dev-tools/arm-none-eabi-gcc/11.2.1-1.2.2/.content/bin/../lib/gcc/arm-none-eabi/11.2.1/../../../../arm-none-eabi/lib/thumb/v7e-m+fp/hard/libc_nano.a(lib_a-impure.o)
 .comment       0x0000000000000039       0x3a /Users/johannes/Library/Application Support/Code/User/globalStorage/bmd.stm32-for-vscode/@xpack-dev-tools/arm-none-eabi-gcc/11.2.1-1.2.2/.content/bin/../lib/gcc/arm-none-eabi/11.2.1/../../../../arm-none-eabi/lib/thumb/v7e-m+fp/hard/libc_nano.a(lib_a-init.o)
 .comment       0x0000000000000039       0x3a /Users/johannes/Library/Application Support/Code/User/globalStorage/bmd.stm32-for-vscode/@xpack-dev-tools/arm-none-eabi-gcc/11.2.1-1.2.2/.content/bin/../lib/gcc/arm-none-eabi/11.2.1/../../../../arm-none-eabi/lib/thumb/v7e-m+fp/hard/libc_nano.a(lib_a-memcpy-stub.o)
 .comment       0x0000000000000039       0x3a /Users/johannes/Library/Application Support/Code/User/globalStorage/bmd.stm32-for-vscode/@xpack-dev-tools/arm-none-eabi-gcc/11.2.1-1.2.2/.content/bin/../lib/gcc/arm-none-eabi/11.2.1/../../../../arm-none-eabi/lib/thumb/v7e-m+fp/hard/libc_nano.a(lib_a-memset.o)
 .comment       0x0000000000000039       0x3a /Users/johannes/Library/Application Support/Code/User/globalStorage/bmd.stm32-for-vscode/@xpack-dev-tools/arm-none-eabi-gcc/11.2.1-1.2.2/.content/bin/../lib/gcc/arm-none-eabi/11.2.1/../../../../arm-none-eabi/lib/thumb/v7e-m+fp/hard/libc_nano.a(lib_a-strtol.o)
 .comment       0x0000000000000039       0x3a /Users/johannes/Library/Application Support/Code/User/globalStorage/bmd.stm32-for-vscode/@xpack-dev-tools/arm-none-eabi-gcc/11.2.1-1.2.2/.content/bin/../lib/gcc/arm-none-eabi/11.2.1/../../../../arm-none-eabi/lib/thumb/v7e-m+fp/hard/libc_nano.a(lib_a-ctype_.o)
 .comment       0x0000000000000039       0x3a /Users/johannes/Library/Application Support/Code/User/globalStorage/bmd.stm32-for-vscode/@xpack-dev-tools/arm-none-eabi-gcc/11.2.1-1.2.2/.content/bin/../lib/gcc/arm-none-eabi/11.2.1/../../../../arm-none-eabi/lib/thumb/v7e-m+fp/hard/libc_nano.a(lib_a-errno.o)
 .comment       0x0000000000000039       0x3a /Users/johannes/Library/Application Support/Code/User/globalStorage/bmd.stm32-for-vscode/@xpack-dev-tools/arm-none-eabi-gcc/11.2.1-1.2.2/.content/bin/../lib/gcc/arm-none-eabi/11.2.1/thumb/v7e-m+fp/hard/libgcc.a(_udivmoddi4.o)

.debug_info     0x0000000000000000     0x7775
 .debug_info    0x0000000000000000     0x1d79 build/SEGGER_RTT.o
 .debug_info    0x0000000000001d79      0x69b build/SEGGER_RTT_printf.o
 .debug_info    0x0000000000002414      0xc52 build/console.o
 .debug_info    0x0000000000003066      0x942 build/consoleCommands.o
 .debug_info    0x00000000000039a8      0x1fe build/consoleIo.o
 .debug_info    0x0000000000003ba6      0x7f2 build/main.o
 .debug_info    0x0000000000004398      0x28b build/stm32f4xx_hal_msp.o
 .debug_info    0x0000000000004623      0x11c build/stm32f4xx_it.o
 .debug_info    0x000000000000473f      0x527 build/system_stm32f4xx.o
 .debug_info    0x0000000000004c66      0x9e6 build/stm32f4xx_hal.o
 .debug_info    0x000000000000564c      0xf93 build/stm32f4xx_hal_cortex.o
 .debug_info    0x00000000000065df      0x704 build/stm32f4xx_hal_gpio.o
 .debug_info    0x0000000000006ce3      0xa6f build/stm32f4xx_hal_rcc.o
 .debug_info    0x0000000000007752       0x23 build/startup_stm32f407xx.o

.debug_abbrev   0x0000000000000000     0x19fc
 .debug_abbrev  0x0000000000000000      0x26f build/SEGGER_RTT.o
 .debug_abbrev  0x000000000000026f      0x223 build/SEGGER_RTT_printf.o
 .debug_abbrev  0x0000000000000492      0x2eb build/console.o
 .debug_abbrev  0x000000000000077d      0x202 build/consoleCommands.o
 .debug_abbrev  0x000000000000097f      0x12c build/consoleIo.o
 .debug_abbrev  0x0000000000000aab      0x22d build/main.o
 .debug_abbrev  0x0000000000000cd8       0xfb build/stm32f4xx_hal_msp.o
 .debug_abbrev  0x0000000000000dd3       0x7c build/stm32f4xx_it.o
 .debug_abbrev  0x0000000000000e4f      0x11e build/system_stm32f4xx.o
 .debug_abbrev  0x0000000000000f6d      0x23f build/stm32f4xx_hal.o
 .debug_abbrev  0x00000000000011ac      0x376 build/stm32f4xx_hal_cortex.o
 .debug_abbrev  0x0000000000001522      0x202 build/stm32f4xx_hal_gpio.o
 .debug_abbrev  0x0000000000001724      0x2c6 build/stm32f4xx_hal_rcc.o
 .debug_abbrev  0x00000000000019ea       0x12 build/startup_stm32f407xx.o

.debug_loclists
                0x0000000000000000     0x3158
 .debug_loclists
                0x0000000000000000     0x1761 build/SEGGER_RTT.o
 .debug_loclists
                0x0000000000001761      0x4e2 build/SEGGER_RTT_printf.o
 .debug_loclists
                0x0000000000001c43      0x5ed build/console.o
 .debug_loclists
                0x0000000000002230      0x121 build/consoleCommands.o
 .debug_loclists
                0x0000000000002351       0x89 build/consoleIo.o
 .debug_loclists
                0x00000000000023da       0xdb build/system_stm32f4xx.o
 .debug_loclists
                0x00000000000024b5       0xc9 build/stm32f4xx_hal.o
 .debug_loclists
                0x000000000000257e      0x4db build/stm32f4xx_hal_cortex.o
 .debug_loclists
                0x0000000000002a59      0x356 build/stm32f4xx_hal_gpio.o
 .debug_loclists
                0x0000000000002daf      0x3a9 build/stm32f4xx_hal_rcc.o

.debug_aranges  0x0000000000000000      0x620
 .debug_aranges
                0x0000000000000000      0x138 build/SEGGER_RTT.o
 .debug_aranges
                0x0000000000000138       0x40 build/SEGGER_RTT_printf.o
 .debug_aranges
                0x0000000000000178       0xa0 build/console.o
 .debug_aranges
                0x0000000000000218       0x58 build/consoleCommands.o
 .debug_aranges
                0x0000000000000270       0x30 build/consoleIo.o
 .debug_aranges
                0x00000000000002a0       0x38 build/main.o
 .debug_aranges
                0x00000000000002d8       0x20 build/stm32f4xx_hal_msp.o
 .debug_aranges
                0x00000000000002f8       0x60 build/stm32f4xx_it.o
 .debug_aranges
                0x0000000000000358       0x28 build/system_stm32f4xx.o
 .debug_aranges
                0x0000000000000380       0xf0 build/stm32f4xx_hal.o
 .debug_aranges
                0x0000000000000470       0xa8 build/stm32f4xx_hal_cortex.o
 .debug_aranges
                0x0000000000000518       0x58 build/stm32f4xx_hal_gpio.o
 .debug_aranges
                0x0000000000000570       0x88 build/stm32f4xx_hal_rcc.o
 .debug_aranges
                0x00000000000005f8       0x28 build/startup_stm32f407xx.o

.debug_rnglists
                0x0000000000000000      0x5c3
 .debug_rnglists
                0x0000000000000000      0x208 build/SEGGER_RTT.o
 .debug_rnglists
                0x0000000000000208       0x2e build/SEGGER_RTT_printf.o
 .debug_rnglists
                0x0000000000000236       0x74 build/console.o
 .debug_rnglists
                0x00000000000002aa       0x3e build/consoleCommands.o
 .debug_rnglists
                0x00000000000002e8       0x1f build/consoleIo.o
 .debug_rnglists
                0x0000000000000307       0x27 build/main.o
 .debug_rnglists
                0x000000000000032e       0x13 build/stm32f4xx_hal_msp.o
 .debug_rnglists
                0x0000000000000341       0x43 build/stm32f4xx_it.o
 .debug_rnglists
                0x0000000000000384       0x1a build/system_stm32f4xx.o
 .debug_rnglists
                0x000000000000039e       0xaf build/stm32f4xx_hal.o
 .debug_rnglists
                0x000000000000044d       0xa9 build/stm32f4xx_hal_cortex.o
 .debug_rnglists
                0x00000000000004f6       0x3f build/stm32f4xx_hal_gpio.o
 .debug_rnglists
                0x0000000000000535       0x75 build/stm32f4xx_hal_rcc.o
 .debug_rnglists
                0x00000000000005aa       0x19 build/startup_stm32f407xx.o

.debug_line     0x0000000000000000     0x59f3
 .debug_line    0x0000000000000000     0x152f build/SEGGER_RTT.o
 .debug_line    0x000000000000152f      0x688 build/SEGGER_RTT_printf.o
 .debug_line    0x0000000000001bb7      0xa53 build/console.o
 .debug_line    0x000000000000260a      0x44d build/consoleCommands.o
 .debug_line    0x0000000000002a57      0x286 build/consoleIo.o
 .debug_line    0x0000000000002cdd      0x440 build/main.o
 .debug_line    0x000000000000311d      0x255 build/stm32f4xx_hal_msp.o
 .debug_line    0x0000000000003372      0x177 build/stm32f4xx_it.o
 .debug_line    0x00000000000034e9      0x30e build/system_stm32f4xx.o
 .debug_line    0x00000000000037f7      0x623 build/stm32f4xx_hal.o
 .debug_line    0x0000000000003e1a      0x835 build/stm32f4xx_hal_cortex.o
 .debug_line    0x000000000000464f      0x768 build/stm32f4xx_hal_gpio.o
 .debug_line    0x0000000000004db7      0xbc6 build/stm32f4xx_hal_rcc.o
 .debug_line    0x000000000000597d       0x76 build/startup_stm32f407xx.o

.debug_str      0x0000000000000000     0x218d
 .debug_str     0x0000000000000000      0x661 build/SEGGER_RTT.o
                                        0x6e8 (size before relaxing)
 .debug_str     0x0000000000000661      0x110 build/SEGGER_RTT_printf.o
                                        0x30e (size before relaxing)
 .debug_str     0x0000000000000771      0x437 build/console.o
                                        0x619 (size before relaxing)
 .debug_str     0x0000000000000ba8      0x170 build/consoleCommands.o
                                        0x4f6 (size before relaxing)
 .debug_str     0x0000000000000d18       0x2d build/consoleIo.o
                                        0x282 (size before relaxing)
 .debug_str     0x0000000000000d45      0x314 build/main.o
                                        0x592 (size before relaxing)
 .debug_str     0x0000000000001059       0x46 build/stm32f4xx_hal_msp.o
                                        0x2fc (size before relaxing)
 .debug_str     0x000000000000109f       0xb4 build/stm32f4xx_it.o
                                        0x253 (size before relaxing)
 .debug_str     0x0000000000001153       0xd8 build/system_stm32f4xx.o
                                        0x399 (size before relaxing)
 .debug_str     0x000000000000122b      0x83c build/stm32f4xx_hal.o
                                        0xb88 (size before relaxing)
 .debug_str     0x0000000000001a67      0x44c build/stm32f4xx_hal_cortex.o
                                        0xc50 (size before relaxing)
 .debug_str     0x0000000000001eb3      0x114 build/stm32f4xx_hal_gpio.o
                                        0x504 (size before relaxing)
 .debug_str     0x0000000000001fc7      0x1a1 build/stm32f4xx_hal_rcc.o
                                        0x72a (size before relaxing)
 .debug_str     0x0000000000002168       0x25 build/startup_stm32f407xx.o
                                         0x95 (size before relaxing)

.debug_frame    0x0000000000000000      0xef0
 .debug_frame   0x0000000000000000      0x414 build/SEGGER_RTT.o
 .debug_frame   0x0000000000000414       0xd4 build/SEGGER_RTT_printf.o
 .debug_frame   0x00000000000004e8      0x1e4 build/console.o
 .debug_frame   0x00000000000006cc       0xe0 build/consoleCommands.o
 .debug_frame   0x00000000000007ac       0x54 build/consoleIo.o
 .debug_frame   0x0000000000000800       0x74 build/main.o
 .debug_frame   0x0000000000000874       0x2c build/stm32f4xx_hal_msp.o
 .debug_frame   0x00000000000008a0       0xa8 build/stm32f4xx_it.o
 .debug_frame   0x0000000000000948       0x30 build/system_stm32f4xx.o
 .debug_frame   0x0000000000000978      0x1ec build/stm32f4xx_hal.o
 .debug_frame   0x0000000000000b64      0x148 build/stm32f4xx_hal_cortex.o
 .debug_frame   0x0000000000000cac       0xd8 build/stm32f4xx_hal_gpio.o
 .debug_frame   0x0000000000000d84      0x16c build/stm32f4xx_hal_rcc.o

.debug_line_str
                0x0000000000000000       0x86
 .debug_line_str
                0x0000000000000000       0x86 build/startup_stm32f407xx.o
                                         0x9c (size before relaxing)

Cross Reference Table

Symbol                                            File
ADC_IRQHandler                                    build/startup_stm32f407xx.o
AHBPrescTable                                     build/system_stm32f4xx.o
                                                  build/stm32f4xx_hal_rcc.o
APBPrescTable                                     build/system_stm32f4xx.o
                                                  build/stm32f4xx_hal_rcc.o
BusFault_Handler                                  build/stm32f4xx_it.o
CAN1_RX0_IRQHandler                               build/startup_stm32f407xx.o
CAN1_RX1_IRQHandler                               build/startup_stm32f407xx.o
CAN1_SCE_IRQHandler                               build/startup_stm32f407xx.o
CAN1_TX_IRQHandler                                build/startup_stm32f407xx.o
CAN2_RX0_IRQHandler                               build/startup_stm32f407xx.o
CAN2_RX1_IRQHandler                               build/startup_stm32f407xx.o
CAN2_SCE_IRQHandler                               build/startup_stm32f407xx.o
CAN2_TX_IRQHandler                                build/startup_stm32f407xx.o
ConsoleCommandsGetTable                           build/consoleCommands.o
                                                  build/console.o
ConsoleInit                                       build/console.o
                                                  build/main.o
ConsoleIoInit                                     build/consoleIo.o
                                                  build/console.o
ConsoleIoReceive                                  build/consoleIo.o
                                                  build/console.o
ConsoleIoSendString                               build/consoleIo.o
                                                  build/consoleCommands.o
                                                  build/console.o
ConsoleProcess                                    build/console.o
                                                  build/main.o
ConsoleReceiveParamHexUint16                      build/console.o
                                                  build/consoleCommands.o
ConsoleReceiveParamInt16                          build/console.o
                                                  build/consoleCommands.o
ConsoleSendLine                                   build/console.o
ConsoleSendParamHexUint16                         build/console.o
                                                  build/consoleCommands.o
ConsoleSendParamHexUint8                          build/console.o
ConsoleSendParamInt16                             build/console.o
                                                  build/consoleCommands.o
ConsoleSendParamInt32                             build/console.o
ConsoleSendString                                 build/console.o
DCMI_IRQHandler                                   build/startup_stm32f407xx.o
DMA1_Stream0_IRQHandler                           build/startup_stm32f407xx.o
DMA1_Stream1_IRQHandler                           build/startup_stm32f407xx.o
DMA1_Stream2_IRQHandler                           build/startup_stm32f407xx.o
DMA1_Stream3_IRQHandler                           build/startup_stm32f407xx.o
DMA1_Stream4_IRQHandler                           build/startup_stm32f407xx.o
DMA1_Stream5_IRQHandler                           build/startup_stm32f407xx.o
DMA1_Stream6_IRQHandler                           build/startup_stm32f407xx.o
DMA1_Stream7_IRQHandler                           build/startup_stm32f407xx.o
DMA2_Stream0_IRQHandler                           build/startup_stm32f407xx.o
DMA2_Stream1_IRQHandler                           build/startup_stm32f407xx.o
DMA2_Stream2_IRQHandler                           build/startup_stm32f407xx.o
DMA2_Stream3_IRQHandler                           build/startup_stm32f407xx.o
DMA2_Stream4_IRQHandler                           build/startup_stm32f407xx.o
DMA2_Stream5_IRQHandler                           build/startup_stm32f407xx.o
DMA2_Stream6_IRQHandler                           build/startup_stm32f407xx.o
DMA2_Stream7_IRQHandler                           build/startup_stm32f407xx.o
DebugMon_Handler                                  build/stm32f4xx_it.o
Default_Handler                                   build/startup_stm32f407xx.o
ETH_IRQHandler                                    build/startup_stm32f407xx.o
ETH_WKUP_IRQHandler                               build/startup_stm32f407xx.o
EXTI0_IRQHandler                                  build/startup_stm32f407xx.o
EXTI15_10_IRQHandler                              build/startup_stm32f407xx.o
EXTI1_IRQHandler                                  build/startup_stm32f407xx.o
EXTI2_IRQHandler                                  build/startup_stm32f407xx.o
EXTI3_IRQHandler                                  build/startup_stm32f407xx.o
EXTI4_IRQHandler                                  build/startup_stm32f407xx.o
EXTI9_5_IRQHandler                                build/startup_stm32f407xx.o
Error_Handler                                     build/main.o
FLASH_Erase_Sector                                build/stm32f4xx_hal_flash_ex.o
                                                  build/stm32f4xx_hal_flash.o
FLASH_FlushCaches                                 build/stm32f4xx_hal_flash_ex.o
                                                  build/stm32f4xx_hal_flash.o
FLASH_IRQHandler                                  build/startup_stm32f407xx.o
FLASH_WaitForLastOperation                        build/stm32f4xx_hal_flash.o
                                                  build/stm32f4xx_hal_flash_ex.o
FPU_IRQHandler                                    build/startup_stm32f407xx.o
FSMC_IRQHandler                                   build/startup_stm32f407xx.o
HAL_DBGMCU_DisableDBGSleepMode                    build/stm32f4xx_hal.o
HAL_DBGMCU_DisableDBGStandbyMode                  build/stm32f4xx_hal.o
HAL_DBGMCU_DisableDBGStopMode                     build/stm32f4xx_hal.o
HAL_DBGMCU_EnableDBGSleepMode                     build/stm32f4xx_hal.o
HAL_DBGMCU_EnableDBGStandbyMode                   build/stm32f4xx_hal.o
HAL_DBGMCU_EnableDBGStopMode                      build/stm32f4xx_hal.o
HAL_DMAEx_ChangeMemory                            build/stm32f4xx_hal_dma_ex.o
HAL_DMAEx_MultiBufferStart                        build/stm32f4xx_hal_dma_ex.o
HAL_DMAEx_MultiBufferStart_IT                     build/stm32f4xx_hal_dma_ex.o
HAL_DMA_Abort                                     build/stm32f4xx_hal_dma.o
HAL_DMA_Abort_IT                                  build/stm32f4xx_hal_dma.o
HAL_DMA_DeInit                                    build/stm32f4xx_hal_dma.o
HAL_DMA_GetError                                  build/stm32f4xx_hal_dma.o
HAL_DMA_GetState                                  build/stm32f4xx_hal_dma.o
HAL_DMA_IRQHandler                                build/stm32f4xx_hal_dma.o
HAL_DMA_Init                                      build/stm32f4xx_hal_dma.o
HAL_DMA_PollForTransfer                           build/stm32f4xx_hal_dma.o
HAL_DMA_RegisterCallback                          build/stm32f4xx_hal_dma.o
HAL_DMA_Start                                     build/stm32f4xx_hal_dma.o
HAL_DMA_Start_IT                                  build/stm32f4xx_hal_dma.o
HAL_DMA_UnRegisterCallback                        build/stm32f4xx_hal_dma.o
HAL_DeInit                                        build/stm32f4xx_hal.o
HAL_Delay                                         build/stm32f4xx_hal.o
HAL_DisableCompensationCell                       build/stm32f4xx_hal.o
HAL_EXTI_ClearConfigLine                          build/stm32f4xx_hal_exti.o
HAL_EXTI_ClearPending                             build/stm32f4xx_hal_exti.o
HAL_EXTI_GenerateSWI                              build/stm32f4xx_hal_exti.o
HAL_EXTI_GetConfigLine                            build/stm32f4xx_hal_exti.o
HAL_EXTI_GetHandle                                build/stm32f4xx_hal_exti.o
HAL_EXTI_GetPending                               build/stm32f4xx_hal_exti.o
HAL_EXTI_IRQHandler                               build/stm32f4xx_hal_exti.o
HAL_EXTI_RegisterCallback                         build/stm32f4xx_hal_exti.o
HAL_EXTI_SetConfigLine                            build/stm32f4xx_hal_exti.o
HAL_EnableCompensationCell                        build/stm32f4xx_hal.o
HAL_FLASHEx_Erase                                 build/stm32f4xx_hal_flash_ex.o
HAL_FLASHEx_Erase_IT                              build/stm32f4xx_hal_flash_ex.o
HAL_FLASHEx_OBGetConfig                           build/stm32f4xx_hal_flash_ex.o
HAL_FLASHEx_OBProgram                             build/stm32f4xx_hal_flash_ex.o
HAL_FLASH_EndOfOperationCallback                  build/stm32f4xx_hal_flash.o
HAL_FLASH_GetError                                build/stm32f4xx_hal_flash.o
HAL_FLASH_IRQHandler                              build/stm32f4xx_hal_flash.o
HAL_FLASH_Lock                                    build/stm32f4xx_hal_flash.o
HAL_FLASH_OB_Launch                               build/stm32f4xx_hal_flash.o
HAL_FLASH_OB_Lock                                 build/stm32f4xx_hal_flash.o
HAL_FLASH_OB_Unlock                               build/stm32f4xx_hal_flash.o
HAL_FLASH_OperationErrorCallback                  build/stm32f4xx_hal_flash.o
HAL_FLASH_Program                                 build/stm32f4xx_hal_flash.o
HAL_FLASH_Program_IT                              build/stm32f4xx_hal_flash.o
HAL_FLASH_Unlock                                  build/stm32f4xx_hal_flash.o
HAL_GPIO_DeInit                                   build/stm32f4xx_hal_gpio.o
HAL_GPIO_EXTI_Callback                            build/stm32f4xx_hal_gpio.o
HAL_GPIO_EXTI_IRQHandler                          build/stm32f4xx_hal_gpio.o
HAL_GPIO_Init                                     build/stm32f4xx_hal_gpio.o
                                                  build/stm32f4xx_hal_rcc.o
                                                  build/main.o
HAL_GPIO_LockPin                                  build/stm32f4xx_hal_gpio.o
HAL_GPIO_ReadPin                                  build/stm32f4xx_hal_gpio.o
HAL_GPIO_TogglePin                                build/stm32f4xx_hal_gpio.o
                                                  build/consoleCommands.o
HAL_GPIO_WritePin                                 build/stm32f4xx_hal_gpio.o
                                                  build/consoleCommands.o
HAL_GetDEVID                                      build/stm32f4xx_hal.o
HAL_GetHalVersion                                 build/stm32f4xx_hal.o
HAL_GetREVID                                      build/stm32f4xx_hal.o
HAL_GetTick                                       build/stm32f4xx_hal.o
                                                  build/stm32f4xx_hal_rcc_ex.o
                                                  build/stm32f4xx_hal_rcc.o
                                                  build/stm32f4xx_hal_pwr_ex.o
                                                  build/stm32f4xx_hal_flash.o
                                                  build/stm32f4xx_hal_dma.o
HAL_GetTickFreq                                   build/stm32f4xx_hal.o
HAL_GetTickPrio                                   build/stm32f4xx_hal.o
HAL_GetUIDw0                                      build/stm32f4xx_hal.o
HAL_GetUIDw1                                      build/stm32f4xx_hal.o
HAL_GetUIDw2                                      build/stm32f4xx_hal.o
HAL_IncTick                                       build/stm32f4xx_hal.o
                                                  build/stm32f4xx_it.o
HAL_Init                                          build/stm32f4xx_hal.o
                                                  build/main.o
HAL_InitTick                                      build/stm32f4xx_hal.o
                                                  build/stm32f4xx_hal_rcc_ex.o
                                                  build/stm32f4xx_hal_rcc.o
HAL_MPU_ConfigRegion                              build/stm32f4xx_hal_cortex.o
HAL_MPU_Disable                                   build/stm32f4xx_hal_cortex.o
HAL_MPU_Enable                                    build/stm32f4xx_hal_cortex.o
HAL_MspDeInit                                     build/stm32f4xx_hal.o
HAL_MspInit                                       build/stm32f4xx_hal_msp.o
HAL_NVIC_ClearPendingIRQ                          build/stm32f4xx_hal_cortex.o
HAL_NVIC_DisableIRQ                               build/stm32f4xx_hal_cortex.o
HAL_NVIC_EnableIRQ                                build/stm32f4xx_hal_cortex.o
HAL_NVIC_GetActive                                build/stm32f4xx_hal_cortex.o
HAL_NVIC_GetPendingIRQ                            build/stm32f4xx_hal_cortex.o
HAL_NVIC_GetPriority                              build/stm32f4xx_hal_cortex.o
HAL_NVIC_GetPriorityGrouping                      build/stm32f4xx_hal_cortex.o
HAL_NVIC_SetPendingIRQ                            build/stm32f4xx_hal_cortex.o
HAL_NVIC_SetPriority                              build/stm32f4xx_hal_cortex.o
                                                  build/stm32f4xx_hal.o
HAL_NVIC_SetPriorityGrouping                      build/stm32f4xx_hal_cortex.o
                                                  build/stm32f4xx_hal.o
                                                  build/stm32f4xx_hal_msp.o
HAL_NVIC_SystemReset                              build/stm32f4xx_hal_cortex.o
HAL_PWREx_ControlVoltageScaling                   build/stm32f4xx_hal_pwr_ex.o
HAL_PWREx_DisableBkUpReg                          build/stm32f4xx_hal_pwr_ex.o
HAL_PWREx_DisableFlashPowerDown                   build/stm32f4xx_hal_pwr_ex.o
HAL_PWREx_EnableBkUpReg                           build/stm32f4xx_hal_pwr_ex.o
HAL_PWREx_EnableFlashPowerDown                    build/stm32f4xx_hal_pwr_ex.o
HAL_PWREx_GetVoltageRange                         build/stm32f4xx_hal_pwr_ex.o
HAL_PWR_ConfigPVD                                 build/stm32f4xx_hal_pwr.o
HAL_PWR_DeInit                                    build/stm32f4xx_hal_pwr.o
HAL_PWR_DisableBkUpAccess                         build/stm32f4xx_hal_pwr.o
HAL_PWR_DisablePVD                                build/stm32f4xx_hal_pwr.o
HAL_PWR_DisableSEVOnPend                          build/stm32f4xx_hal_pwr.o
HAL_PWR_DisableSleepOnExit                        build/stm32f4xx_hal_pwr.o
HAL_PWR_DisableWakeUpPin                          build/stm32f4xx_hal_pwr.o
HAL_PWR_EnableBkUpAccess                          build/stm32f4xx_hal_pwr.o
HAL_PWR_EnablePVD                                 build/stm32f4xx_hal_pwr.o
HAL_PWR_EnableSEVOnPend                           build/stm32f4xx_hal_pwr.o
HAL_PWR_EnableSleepOnExit                         build/stm32f4xx_hal_pwr.o
HAL_PWR_EnableWakeUpPin                           build/stm32f4xx_hal_pwr.o
HAL_PWR_EnterSLEEPMode                            build/stm32f4xx_hal_pwr.o
HAL_PWR_EnterSTANDBYMode                          build/stm32f4xx_hal_pwr.o
HAL_PWR_EnterSTOPMode                             build/stm32f4xx_hal_pwr.o
HAL_PWR_PVDCallback                               build/stm32f4xx_hal_pwr.o
HAL_PWR_PVD_IRQHandler                            build/stm32f4xx_hal_pwr.o
HAL_RCCEx_DisablePLLI2S                           build/stm32f4xx_hal_rcc_ex.o
HAL_RCCEx_EnablePLLI2S                            build/stm32f4xx_hal_rcc_ex.o
HAL_RCCEx_GetPeriphCLKConfig                      build/stm32f4xx_hal_rcc_ex.o
HAL_RCCEx_GetPeriphCLKFreq                        build/stm32f4xx_hal_rcc_ex.o
HAL_RCCEx_PeriphCLKConfig                         build/stm32f4xx_hal_rcc_ex.o
HAL_RCC_CSSCallback                               build/stm32f4xx_hal_rcc.o
HAL_RCC_ClockConfig                               build/stm32f4xx_hal_rcc.o
                                                  build/main.o
HAL_RCC_DeInit                                    build/stm32f4xx_hal_rcc_ex.o
                                                  build/stm32f4xx_hal_rcc.o
HAL_RCC_DisableCSS                                build/stm32f4xx_hal_rcc.o
HAL_RCC_EnableCSS                                 build/stm32f4xx_hal_rcc.o
HAL_RCC_GetClockConfig                            build/stm32f4xx_hal_rcc.o
HAL_RCC_GetHCLKFreq                               build/stm32f4xx_hal_rcc.o
HAL_RCC_GetOscConfig                              build/stm32f4xx_hal_rcc.o
HAL_RCC_GetPCLK1Freq                              build/stm32f4xx_hal_rcc.o
HAL_RCC_GetPCLK2Freq                              build/stm32f4xx_hal_rcc.o
HAL_RCC_GetSysClockFreq                           build/stm32f4xx_hal_rcc.o
HAL_RCC_MCOConfig                                 build/stm32f4xx_hal_rcc.o
HAL_RCC_NMI_IRQHandler                            build/stm32f4xx_hal_rcc.o
HAL_RCC_OscConfig                                 build/stm32f4xx_hal_rcc.o
                                                  build/main.o
HAL_ResumeTick                                    build/stm32f4xx_hal.o
HAL_SYSTICK_CLKSourceConfig                       build/stm32f4xx_hal_cortex.o
HAL_SYSTICK_Callback                              build/stm32f4xx_hal_cortex.o
HAL_SYSTICK_Config                                build/stm32f4xx_hal_cortex.o
                                                  build/stm32f4xx_hal.o
HAL_SYSTICK_IRQHandler                            build/stm32f4xx_hal_cortex.o
HAL_SetTickFreq                                   build/stm32f4xx_hal.o
HAL_SuspendTick                                   build/stm32f4xx_hal.o
HASH_RNG_IRQHandler                               build/startup_stm32f407xx.o
HardFault_Handler                                 build/stm32f4xx_it.o
I2C1_ER_IRQHandler                                build/startup_stm32f407xx.o
I2C1_EV_IRQHandler                                build/startup_stm32f407xx.o
I2C2_ER_IRQHandler                                build/startup_stm32f407xx.o
I2C2_EV_IRQHandler                                build/startup_stm32f407xx.o
I2C3_ER_IRQHandler                                build/startup_stm32f407xx.o
I2C3_EV_IRQHandler                                build/startup_stm32f407xx.o
MemManage_Handler                                 build/stm32f4xx_it.o
NMI_Handler                                       build/stm32f4xx_it.o
OTG_FS_IRQHandler                                 build/startup_stm32f407xx.o
OTG_FS_WKUP_IRQHandler                            build/startup_stm32f407xx.o
OTG_HS_EP1_IN_IRQHandler                          build/startup_stm32f407xx.o
OTG_HS_EP1_OUT_IRQHandler                         build/startup_stm32f407xx.o
OTG_HS_IRQHandler                                 build/startup_stm32f407xx.o
OTG_HS_WKUP_IRQHandler                            build/startup_stm32f407xx.o
PVD_IRQHandler                                    build/startup_stm32f407xx.o
PendSV_Handler                                    build/stm32f4xx_it.o
RCC_IRQHandler                                    build/startup_stm32f407xx.o
RTC_Alarm_IRQHandler                              build/startup_stm32f407xx.o
RTC_WKUP_IRQHandler                               build/startup_stm32f407xx.o
Reset_Handler                                     build/startup_stm32f407xx.o
SDIO_IRQHandler                                   build/startup_stm32f407xx.o
SEGGER_RTT_AllocDownBuffer                        build/SEGGER_RTT.o
SEGGER_RTT_AllocUpBuffer                          build/SEGGER_RTT.o
SEGGER_RTT_ConfigDownBuffer                       build/SEGGER_RTT.o
SEGGER_RTT_ConfigUpBuffer                         build/SEGGER_RTT.o
                                                  build/main.o
SEGGER_RTT_GetAvailWriteSpace                     build/SEGGER_RTT.o
SEGGER_RTT_GetBytesInBuffer                       build/SEGGER_RTT.o
SEGGER_RTT_GetKey                                 build/SEGGER_RTT.o
SEGGER_RTT_HasData                                build/SEGGER_RTT.o
SEGGER_RTT_HasDataUp                              build/SEGGER_RTT.o
SEGGER_RTT_HasKey                                 build/SEGGER_RTT.o
SEGGER_RTT_Init                                   build/SEGGER_RTT.o
SEGGER_RTT_PutChar                                build/SEGGER_RTT.o
SEGGER_RTT_PutCharSkip                            build/SEGGER_RTT.o
SEGGER_RTT_PutCharSkipNoLock                      build/SEGGER_RTT.o
SEGGER_RTT_Read                                   build/SEGGER_RTT.o
SEGGER_RTT_ReadNoLock                             build/SEGGER_RTT.o
SEGGER_RTT_ReadUpBuffer                           build/SEGGER_RTT.o
SEGGER_RTT_ReadUpBufferNoLock                     build/SEGGER_RTT.o
SEGGER_RTT_SetFlagsDownBuffer                     build/SEGGER_RTT.o
SEGGER_RTT_SetFlagsUpBuffer                       build/SEGGER_RTT.o
SEGGER_RTT_SetNameDownBuffer                      build/SEGGER_RTT.o
SEGGER_RTT_SetNameUpBuffer                        build/SEGGER_RTT.o
SEGGER_RTT_SetTerminal                            build/SEGGER_RTT.o
SEGGER_RTT_TerminalOut                            build/SEGGER_RTT.o
SEGGER_RTT_WaitKey                                build/SEGGER_RTT.o
                                                  build/consoleIo.o
SEGGER_RTT_Write                                  build/SEGGER_RTT.o
                                                  build/SEGGER_RTT_printf.o
SEGGER_RTT_WriteDownBuffer                        build/SEGGER_RTT.o
SEGGER_RTT_WriteDownBufferNoLock                  build/SEGGER_RTT.o
SEGGER_RTT_WriteNoLock                            build/SEGGER_RTT.o
SEGGER_RTT_WriteString                            build/SEGGER_RTT.o
                                                  build/main.o
SEGGER_RTT_WriteWithOverwriteNoLock               build/SEGGER_RTT.o
SEGGER_RTT_printf                                 build/SEGGER_RTT_printf.o
                                                  build/consoleIo.o
SEGGER_RTT_vprintf                                build/SEGGER_RTT_printf.o
SPI1_IRQHandler                                   build/startup_stm32f407xx.o
SPI2_IRQHandler                                   build/startup_stm32f407xx.o
SPI3_IRQHandler                                   build/startup_stm32f407xx.o
SVC_Handler                                       build/stm32f4xx_it.o
SysTick_Handler                                   build/stm32f4xx_it.o
SystemClock_Config                                build/main.o
SystemCoreClock                                   build/system_stm32f4xx.o
                                                  build/stm32f4xx_hal_rcc_ex.o
                                                  build/stm32f4xx_hal_rcc.o
                                                  build/stm32f4xx_hal_dma.o
                                                  build/stm32f4xx_hal.o
SystemCoreClockUpdate                             build/system_stm32f4xx.o
SystemInit                                        build/system_stm32f4xx.o
                                                  build/startup_stm32f407xx.o
TAMP_STAMP_IRQHandler                             build/startup_stm32f407xx.o
TIM1_BRK_TIM9_IRQHandler                          build/startup_stm32f407xx.o
TIM1_CC_IRQHandler                                build/startup_stm32f407xx.o
TIM1_TRG_COM_TIM11_IRQHandler                     build/startup_stm32f407xx.o
TIM1_UP_TIM10_IRQHandler                          build/startup_stm32f407xx.o
TIM2_IRQHandler                                   build/startup_stm32f407xx.o
TIM3_IRQHandler                                   build/startup_stm32f407xx.o
TIM4_IRQHandler                                   build/startup_stm32f407xx.o
TIM5_IRQHandler                                   build/startup_stm32f407xx.o
TIM6_DAC_IRQHandler                               build/startup_stm32f407xx.o
TIM7_IRQHandler                                   build/startup_stm32f407xx.o
TIM8_BRK_TIM12_IRQHandler                         build/startup_stm32f407xx.o
TIM8_CC_IRQHandler                                build/startup_stm32f407xx.o
TIM8_TRG_COM_TIM14_IRQHandler                     build/startup_stm32f407xx.o
TIM8_UP_TIM13_IRQHandler                          build/startup_stm32f407xx.o
UART4_IRQHandler                                  build/startup_stm32f407xx.o
UART5_IRQHandler                                  build/startup_stm32f407xx.o
USART1_IRQHandler                                 build/startup_stm32f407xx.o
USART2_IRQHandler                                 build/startup_stm32f407xx.o
USART3_IRQHandler                                 build/startup_stm32f407xx.o
USART6_IRQHandler                                 build/startup_stm32f407xx.o
UsageFault_Handler                                build/stm32f4xx_it.o
WWDG_IRQHandler                                   build/startup_stm32f407xx.o
_SEGGER_RTT                                       build/SEGGER_RTT.o
__aeabi_idiv0                                     /Users/johannes/Library/Application Support/Code/User/globalStorage/bmd.stm32-for-vscode/@xpack-dev-tools/arm-none-eabi-gcc/11.2.1-1.2.2/.content/bin/../lib/gcc/arm-none-eabi/11.2.1/thumb/v7e-m+fp/hard/libgcc.a(_dvmd_tls.o)
__aeabi_ldiv0                                     /Users/johannes/Library/Application Support/Code/User/globalStorage/bmd.stm32-for-vscode/@xpack-dev-tools/arm-none-eabi-gcc/11.2.1-1.2.2/.content/bin/../lib/gcc/arm-none-eabi/11.2.1/thumb/v7e-m+fp/hard/libgcc.a(_dvmd_tls.o)
                                                  /Users/johannes/Library/Application Support/Code/User/globalStorage/bmd.stm32-for-vscode/@xpack-dev-tools/arm-none-eabi-gcc/11.2.1-1.2.2/.content/bin/../lib/gcc/arm-none-eabi/11.2.1/thumb/v7e-m+fp/hard/libgcc.a(_aeabi_uldivmod.o)
__aeabi_uldivmod                                  /Users/johannes/Library/Application Support/Code/User/globalStorage/bmd.stm32-for-vscode/@xpack-dev-tools/arm-none-eabi-gcc/11.2.1-1.2.2/.content/bin/../lib/gcc/arm-none-eabi/11.2.1/thumb/v7e-m+fp/hard/libgcc.a(_aeabi_uldivmod.o)
                                                  build/stm32f4xx_hal_rcc.o
__atexit_dummy                                    /Users/johannes/Library/Application Support/Code/User/globalStorage/bmd.stm32-for-vscode/@xpack-dev-tools/arm-none-eabi-gcc/11.2.1-1.2.2/.content/bin/../lib/gcc/arm-none-eabi/11.2.1/../../../../arm-none-eabi/lib/thumb/v7e-m+fp/hard/libc_nano.a(lib_a-__atexit.o)
__bss_end__                                       /Users/johannes/Library/Application Support/Code/User/globalStorage/bmd.stm32-for-vscode/@xpack-dev-tools/arm-none-eabi-gcc/11.2.1-1.2.2/.content/bin/../lib/gcc/arm-none-eabi/11.2.1/../../../../arm-none-eabi/lib/thumb/v7e-m+fp/hard/crt0.o
__bss_start__                                     /Users/johannes/Library/Application Support/Code/User/globalStorage/bmd.stm32-for-vscode/@xpack-dev-tools/arm-none-eabi-gcc/11.2.1-1.2.2/.content/bin/../lib/gcc/arm-none-eabi/11.2.1/../../../../arm-none-eabi/lib/thumb/v7e-m+fp/hard/crt0.o
__call_exitprocs                                  /Users/johannes/Library/Application Support/Code/User/globalStorage/bmd.stm32-for-vscode/@xpack-dev-tools/arm-none-eabi-gcc/11.2.1-1.2.2/.content/bin/../lib/gcc/arm-none-eabi/11.2.1/../../../../arm-none-eabi/lib/thumb/v7e-m+fp/hard/libc_nano.a(lib_a-__call_atexit.o)
                                                  /Users/johannes/Library/Application Support/Code/User/globalStorage/bmd.stm32-for-vscode/@xpack-dev-tools/arm-none-eabi-gcc/11.2.1-1.2.2/.content/bin/../lib/gcc/arm-none-eabi/11.2.1/../../../../arm-none-eabi/lib/thumb/v7e-m+fp/hard/libc_nano.a(lib_a-__atexit.o)
                                                  /Users/johannes/Library/Application Support/Code/User/globalStorage/bmd.stm32-for-vscode/@xpack-dev-tools/arm-none-eabi-gcc/11.2.1-1.2.2/.content/bin/../lib/gcc/arm-none-eabi/11.2.1/../../../../arm-none-eabi/lib/thumb/v7e-m+fp/hard/libc_nano.a(lib_a-exit.o)
__deregister_frame_info                           /Users/johannes/Library/Application Support/Code/User/globalStorage/bmd.stm32-for-vscode/@xpack-dev-tools/arm-none-eabi-gcc/11.2.1-1.2.2/.content/bin/../lib/gcc/arm-none-eabi/11.2.1/thumb/v7e-m+fp/hard/crtbegin.o
__dso_handle                                      /Users/johannes/Library/Application Support/Code/User/globalStorage/bmd.stm32-for-vscode/@xpack-dev-tools/arm-none-eabi-gcc/11.2.1-1.2.2/.content/bin/../lib/gcc/arm-none-eabi/11.2.1/thumb/v7e-m+fp/hard/crtbegin.o
__errno                                           /Users/johannes/Library/Application Support/Code/User/globalStorage/bmd.stm32-for-vscode/@xpack-dev-tools/arm-none-eabi-gcc/11.2.1-1.2.2/.content/bin/../lib/gcc/arm-none-eabi/11.2.1/../../../../arm-none-eabi/lib/thumb/v7e-m+fp/hard/libc_nano.a(lib_a-errno.o)
                                                  /Users/johannes/Library/Application Support/Code/User/globalStorage/bmd.stm32-for-vscode/@xpack-dev-tools/arm-none-eabi-gcc/11.2.1-1.2.2/.content/bin/../lib/gcc/arm-none-eabi/11.2.1/../../../../arm-none-eabi/lib/thumb/v7e-m+fp/hard/libc_nano.a(lib_a-strtol.o)
__fini_array_end                                  /Users/johannes/Library/Application Support/Code/User/globalStorage/bmd.stm32-for-vscode/@xpack-dev-tools/arm-none-eabi-gcc/11.2.1-1.2.2/.content/bin/../lib/gcc/arm-none-eabi/11.2.1/../../../../arm-none-eabi/lib/thumb/v7e-m+fp/hard/libc_nano.a(lib_a-fini.o)
__fini_array_start                                /Users/johannes/Library/Application Support/Code/User/globalStorage/bmd.stm32-for-vscode/@xpack-dev-tools/arm-none-eabi-gcc/11.2.1-1.2.2/.content/bin/../lib/gcc/arm-none-eabi/11.2.1/../../../../arm-none-eabi/lib/thumb/v7e-m+fp/hard/libc_nano.a(lib_a-fini.o)
__init_array_end                                  /Users/johannes/Library/Application Support/Code/User/globalStorage/bmd.stm32-for-vscode/@xpack-dev-tools/arm-none-eabi-gcc/11.2.1-1.2.2/.content/bin/../lib/gcc/arm-none-eabi/11.2.1/../../../../arm-none-eabi/lib/thumb/v7e-m+fp/hard/libc_nano.a(lib_a-init.o)
__init_array_start                                /Users/johannes/Library/Application Support/Code/User/globalStorage/bmd.stm32-for-vscode/@xpack-dev-tools/arm-none-eabi-gcc/11.2.1-1.2.2/.content/bin/../lib/gcc/arm-none-eabi/11.2.1/../../../../arm-none-eabi/lib/thumb/v7e-m+fp/hard/libc_nano.a(lib_a-init.o)
__libc_fini_array                                 /Users/johannes/Library/Application Support/Code/User/globalStorage/bmd.stm32-for-vscode/@xpack-dev-tools/arm-none-eabi-gcc/11.2.1-1.2.2/.content/bin/../lib/gcc/arm-none-eabi/11.2.1/../../../../arm-none-eabi/lib/thumb/v7e-m+fp/hard/libc_nano.a(lib_a-fini.o)
                                                  /Users/johannes/Library/Application Support/Code/User/globalStorage/bmd.stm32-for-vscode/@xpack-dev-tools/arm-none-eabi-gcc/11.2.1-1.2.2/.content/bin/../lib/gcc/arm-none-eabi/11.2.1/../../../../arm-none-eabi/lib/thumb/v7e-m+fp/hard/crt0.o
__libc_init_array                                 /Users/johannes/Library/Application Support/Code/User/globalStorage/bmd.stm32-for-vscode/@xpack-dev-tools/arm-none-eabi-gcc/11.2.1-1.2.2/.content/bin/../lib/gcc/arm-none-eabi/11.2.1/../../../../arm-none-eabi/lib/thumb/v7e-m+fp/hard/libc_nano.a(lib_a-init.o)
                                                  build/startup_stm32f407xx.o
                                                  /Users/johannes/Library/Application Support/Code/User/globalStorage/bmd.stm32-for-vscode/@xpack-dev-tools/arm-none-eabi-gcc/11.2.1-1.2.2/.content/bin/../lib/gcc/arm-none-eabi/11.2.1/../../../../arm-none-eabi/lib/thumb/v7e-m+fp/hard/crt0.o
__on_exit_args                                    /Users/johannes/Library/Application Support/Code/User/globalStorage/bmd.stm32-for-vscode/@xpack-dev-tools/arm-none-eabi-gcc/11.2.1-1.2.2/.content/bin/../lib/gcc/arm-none-eabi/11.2.1/../../../../arm-none-eabi/lib/thumb/v7e-m+fp/hard/libc_nano.a(lib_a-__atexit.o)
__preinit_array_end                               /Users/johannes/Library/Application Support/Code/User/globalStorage/bmd.stm32-for-vscode/@xpack-dev-tools/arm-none-eabi-gcc/11.2.1-1.2.2/.content/bin/../lib/gcc/arm-none-eabi/11.2.1/../../../../arm-none-eabi/lib/thumb/v7e-m+fp/hard/libc_nano.a(lib_a-init.o)
__preinit_array_start                             /Users/johannes/Library/Application Support/Code/User/globalStorage/bmd.stm32-for-vscode/@xpack-dev-tools/arm-none-eabi-gcc/11.2.1-1.2.2/.content/bin/../lib/gcc/arm-none-eabi/11.2.1/../../../../arm-none-eabi/lib/thumb/v7e-m+fp/hard/libc_nano.a(lib_a-init.o)
__register_exitproc                               /Users/johannes/Library/Application Support/Code/User/globalStorage/bmd.stm32-for-vscode/@xpack-dev-tools/arm-none-eabi-gcc/11.2.1-1.2.2/.content/bin/../lib/gcc/arm-none-eabi/11.2.1/../../../../arm-none-eabi/lib/thumb/v7e-m+fp/hard/libc_nano.a(lib_a-__atexit.o)
                                                  /Users/johannes/Library/Application Support/Code/User/globalStorage/bmd.stm32-for-vscode/@xpack-dev-tools/arm-none-eabi-gcc/11.2.1-1.2.2/.content/bin/../lib/gcc/arm-none-eabi/11.2.1/../../../../arm-none-eabi/lib/thumb/v7e-m+fp/hard/libc_nano.a(lib_a-atexit.o)
__register_frame_info                             /Users/johannes/Library/Application Support/Code/User/globalStorage/bmd.stm32-for-vscode/@xpack-dev-tools/arm-none-eabi-gcc/11.2.1-1.2.2/.content/bin/../lib/gcc/arm-none-eabi/11.2.1/thumb/v7e-m+fp/hard/crtbegin.o
__sf_fake_stderr                                  /Users/johannes/Library/Application Support/Code/User/globalStorage/bmd.stm32-for-vscode/@xpack-dev-tools/arm-none-eabi-gcc/11.2.1-1.2.2/.content/bin/../lib/gcc/arm-none-eabi/11.2.1/../../../../arm-none-eabi/lib/thumb/v7e-m+fp/hard/libc_nano.a(lib_a-impure.o)
__sf_fake_stdin                                   /Users/johannes/Library/Application Support/Code/User/globalStorage/bmd.stm32-for-vscode/@xpack-dev-tools/arm-none-eabi-gcc/11.2.1-1.2.2/.content/bin/../lib/gcc/arm-none-eabi/11.2.1/../../../../arm-none-eabi/lib/thumb/v7e-m+fp/hard/libc_nano.a(lib_a-impure.o)
__sf_fake_stdout                                  /Users/johannes/Library/Application Support/Code/User/globalStorage/bmd.stm32-for-vscode/@xpack-dev-tools/arm-none-eabi-gcc/11.2.1-1.2.2/.content/bin/../lib/gcc/arm-none-eabi/11.2.1/../../../../arm-none-eabi/lib/thumb/v7e-m+fp/hard/libc_nano.a(lib_a-impure.o)
__stack                                           /Users/johannes/Library/Application Support/Code/User/globalStorage/bmd.stm32-for-vscode/@xpack-dev-tools/arm-none-eabi-gcc/11.2.1-1.2.2/.content/bin/../lib/gcc/arm-none-eabi/11.2.1/../../../../arm-none-eabi/lib/thumb/v7e-m+fp/hard/crt0.o
__udivmoddi4                                      /Users/johannes/Library/Application Support/Code/User/globalStorage/bmd.stm32-for-vscode/@xpack-dev-tools/arm-none-eabi-gcc/11.2.1-1.2.2/.content/bin/../lib/gcc/arm-none-eabi/11.2.1/thumb/v7e-m+fp/hard/libgcc.a(_udivmoddi4.o)
                                                  /Users/johannes/Library/Application Support/Code/User/globalStorage/bmd.stm32-for-vscode/@xpack-dev-tools/arm-none-eabi-gcc/11.2.1-1.2.2/.content/bin/../lib/gcc/arm-none-eabi/11.2.1/thumb/v7e-m+fp/hard/libgcc.a(_aeabi_uldivmod.o)
_atoi_r                                           /Users/johannes/Library/Application Support/Code/User/globalStorage/bmd.stm32-for-vscode/@xpack-dev-tools/arm-none-eabi-gcc/11.2.1-1.2.2/.content/bin/../lib/gcc/arm-none-eabi/11.2.1/../../../../arm-none-eabi/lib/thumb/v7e-m+fp/hard/libc_nano.a(lib_a-atoi.o)
_ctype_                                           /Users/johannes/Library/Application Support/Code/User/globalStorage/bmd.stm32-for-vscode/@xpack-dev-tools/arm-none-eabi-gcc/11.2.1-1.2.2/.content/bin/../lib/gcc/arm-none-eabi/11.2.1/../../../../arm-none-eabi/lib/thumb/v7e-m+fp/hard/libc_nano.a(lib_a-ctype_.o)
                                                  /Users/johannes/Library/Application Support/Code/User/globalStorage/bmd.stm32-for-vscode/@xpack-dev-tools/arm-none-eabi-gcc/11.2.1-1.2.2/.content/bin/../lib/gcc/arm-none-eabi/11.2.1/../../../../arm-none-eabi/lib/thumb/v7e-m+fp/hard/libc_nano.a(lib_a-strtol.o)
_ebss                                             build/startup_stm32f407xx.o
_edata                                            build/startup_stm32f407xx.o
_estack                                           build/startup_stm32f407xx.o
_exit                                             /Users/johannes/Library/Application Support/Code/User/globalStorage/bmd.stm32-for-vscode/@xpack-dev-tools/arm-none-eabi-gcc/11.2.1-1.2.2/.content/bin/../lib/gcc/arm-none-eabi/11.2.1/../../../../arm-none-eabi/lib/thumb/v7e-m+fp/hard/libnosys.a(_exit.o)
                                                  /Users/johannes/Library/Application Support/Code/User/globalStorage/bmd.stm32-for-vscode/@xpack-dev-tools/arm-none-eabi-gcc/11.2.1-1.2.2/.content/bin/../lib/gcc/arm-none-eabi/11.2.1/../../../../arm-none-eabi/lib/thumb/v7e-m+fp/hard/libc_nano.a(lib_a-exit.o)
_fini                                             /Users/johannes/Library/Application Support/Code/User/globalStorage/bmd.stm32-for-vscode/@xpack-dev-tools/arm-none-eabi-gcc/11.2.1-1.2.2/.content/bin/../lib/gcc/arm-none-eabi/11.2.1/thumb/v7e-m+fp/hard/crti.o
                                                  /Users/johannes/Library/Application Support/Code/User/globalStorage/bmd.stm32-for-vscode/@xpack-dev-tools/arm-none-eabi-gcc/11.2.1-1.2.2/.content/bin/../lib/gcc/arm-none-eabi/11.2.1/../../../../arm-none-eabi/lib/thumb/v7e-m+fp/hard/libc_nano.a(lib_a-fini.o)